[0.149s] DEBUG:colcon:Command line arguments: ['/usr/bin/colcon', 'build']
[0.149s] DEBUG:colcon:Parsed command line arguments: Namespace(log_base=None, log_level=None, verb_name='build', build_base='build', install_base='install', merge_install=False, symlink_install=False, test_result_base=None, continue_on_error=False, executor='parallel', parallel_workers=12, event_handlers=None, ignore_user_meta=False, metas=['./colcon.meta'], base_paths=['.'], packages_ignore=None, packages_ignore_regex=None, paths=None, packages_up_to=None, packages_up_to_regex=None, packages_above=None, packages_above_and_dependencies=None, packages_above_depth=None, packages_select_by_dep=None, packages_skip_by_dep=None, packages_skip_up_to=None, packages_select_build_failed=False, packages_skip_build_finished=False, packages_select_test_failures=False, packages_skip_test_passed=False, packages_select=None, packages_skip=None, packages_select_regex=None, packages_skip_regex=None, packages_start=None, packages_end=None, allow_overriding=[], cmake_args=None, cmake_target=None, cmake_target_skip_unavailable=False, cmake_clean_cache=False, cmake_clean_first=False, cmake_force_configure=False, ament_cmake_args=None, catkin_cmake_args=None, catkin_skip_building_tests=False, mixin_files=None, mixin=None, verb_parser=<colcon_mixin.mixin.mixin_argument.MixinArgumentDecorator object at 0x7b68ea13f0a0>, verb_extension=<colcon_core.verb.build.BuildVerb object at 0x7b68ea23afb0>, main=<bound method BuildVerb.main of <colcon_core.verb.build.BuildVerb object at 0x7b68ea23afb0>>, mixin_verb=('build',))
[0.375s] Level 1:colcon.colcon_core.package_discovery:discover_packages(colcon_meta) check parameters
[0.375s] Level 1:colcon.colcon_core.package_discovery:discover_packages(recursive) check parameters
[0.375s] Level 1:colcon.colcon_core.package_discovery:discover_packages(ignore) check parameters
[0.375s] Level 1:colcon.colcon_core.package_discovery:discover_packages(path) check parameters
[0.375s] Level 1:colcon.colcon_core.package_discovery:discover_packages(colcon_meta) discover
[0.375s] Level 1:colcon.colcon_core.package_discovery:discover_packages(recursive) discover
[0.375s] INFO:colcon.colcon_core.package_discovery:Crawling recursively for packages in '/home/fef2/ROS/ex01'
[0.375s] Level 1:colcon.colcon_core.package_identification:_identify(.) by extensions ['ignore', 'ignore_ament_install']
[0.375s] Level 1:colcon.colcon_core.package_identification:_identify(.) by extension 'ignore'
[0.376s] Level 1:colcon.colcon_core.package_identification:_identify(.) by extension 'ignore_ament_install'
[0.376s] Level 1:colcon.colcon_core.package_identification:_identify(.) by extensions ['colcon_pkg']
[0.376s] Level 1:colcon.colcon_core.package_identification:_identify(.) by extension 'colcon_pkg'
[0.376s] Level 1:colcon.colcon_core.package_identification:_identify(.) by extensions ['colcon_meta']
[0.376s] Level 1:colcon.colcon_core.package_identification:_identify(.) by extension 'colcon_meta'
[0.376s] Level 1:colcon.colcon_core.package_identification:_identify(.) by extensions ['ros']
[0.376s] Level 1:colcon.colcon_core.package_identification:_identify(.) by extension 'ros'
[0.391s] Level 1:colcon.colcon_core.package_identification:_identify(.) by extensions ['cmake', 'python']
[0.391s] Level 1:colcon.colcon_core.package_identification:_identify(.) by extension 'cmake'
[0.391s] Level 1:colcon.colcon_core.package_identification:_identify(.) by extension 'python'
[0.391s] Level 1:colcon.colcon_core.package_identification:_identify(.) by extensions ['python_setup_py']
[0.391s] Level 1:colcon.colcon_core.package_identification:_identify(.) by extension 'python_setup_py'
[0.391s] Level 1:colcon.colcon_core.package_identification:_identify(build) by extensions ['ignore', 'ignore_ament_install']
[0.391s] Level 1:colcon.colcon_core.package_identification:_identify(build) by extension 'ignore'
[0.391s] Level 1:colcon.colcon_core.package_identification:_identify(build) ignored
[0.391s] Level 1:colcon.colcon_core.package_identification:_identify(install) by extensions ['ignore', 'ignore_ament_install']
[0.392s] Level 1:colcon.colcon_core.package_identification:_identify(install) by extension 'ignore'
[0.392s] Level 1:colcon.colcon_core.package_identification:_identify(install) ignored
[0.392s] Level 1:colcon.colcon_core.package_identification:_identify(log) by extensions ['ignore', 'ignore_ament_install']
[0.392s] Level 1:colcon.colcon_core.package_identification:_identify(log) by extension 'ignore'
[0.392s] Level 1:colcon.colcon_core.package_identification:_identify(log) ignored
[0.392s] Level 1:colcon.colcon_core.package_identification:_identify(robot_app) by extensions ['ignore', 'ignore_ament_install']
[0.392s] Level 1:colcon.colcon_core.package_identification:_identify(robot_app) by extension 'ignore'
[0.392s] Level 1:colcon.colcon_core.package_identification:_identify(robot_app) by extension 'ignore_ament_install'
[0.392s] Level 1:colcon.colcon_core.package_identification:_identify(robot_app) by extensions ['colcon_pkg']
[0.392s] Level 1:colcon.colcon_core.package_identification:_identify(robot_app) by extension 'colcon_pkg'
[0.392s] Level 1:colcon.colcon_core.package_identification:_identify(robot_app) by extensions ['colcon_meta']
[0.392s] Level 1:colcon.colcon_core.package_identification:_identify(robot_app) by extension 'colcon_meta'
[0.392s] Level 1:colcon.colcon_core.package_identification:_identify(robot_app) by extensions ['ros']
[0.392s] Level 1:colcon.colcon_core.package_identification:_identify(robot_app) by extension 'ros'
[0.396s] DEBUG:colcon.colcon_core.package_identification:Package 'robot_app' with type 'ros.ament_cmake' and name 'robot_app'
[0.396s] Level 1:colcon.colcon_core.package_identification:_identify(robot_bringup) by extensions ['ignore', 'ignore_ament_install']
[0.396s] Level 1:colcon.colcon_core.package_identification:_identify(robot_bringup) by extension 'ignore'
[0.396s] Level 1:colcon.colcon_core.package_identification:_identify(robot_bringup) by extension 'ignore_ament_install'
[0.396s] Level 1:colcon.colcon_core.package_identification:_identify(robot_bringup) by extensions ['colcon_pkg']
[0.396s] Level 1:colcon.colcon_core.package_identification:_identify(robot_bringup) by extension 'colcon_pkg'
[0.396s] Level 1:colcon.colcon_core.package_identification:_identify(robot_bringup) by extensions ['colcon_meta']
[0.396s] Level 1:colcon.colcon_core.package_identification:_identify(robot_bringup) by extension 'colcon_meta'
[0.396s] Level 1:colcon.colcon_core.package_identification:_identify(robot_bringup) by extensions ['ros']
[0.396s] Level 1:colcon.colcon_core.package_identification:_identify(robot_bringup) by extension 'ros'
[0.397s] DEBUG:colcon.colcon_core.package_identification:Package 'robot_bringup' with type 'ros.ament_cmake' and name 'robot_bringup'
[0.397s] Level 1:colcon.colcon_core.package_identification:_identify(robot_description) by extensions ['ignore', 'ignore_ament_install']
[0.397s] Level 1:colcon.colcon_core.package_identification:_identify(robot_description) by extension 'ignore'
[0.397s] Level 1:colcon.colcon_core.package_identification:_identify(robot_description) by extension 'ignore_ament_install'
[0.397s] Level 1:colcon.colcon_core.package_identification:_identify(robot_description) by extensions ['colcon_pkg']
[0.398s] Level 1:colcon.colcon_core.package_identification:_identify(robot_description) by extension 'colcon_pkg'
[0.398s] Level 1:colcon.colcon_core.package_identification:_identify(robot_description) by extensions ['colcon_meta']
[0.398s] Level 1:colcon.colcon_core.package_identification:_identify(robot_description) by extension 'colcon_meta'
[0.398s] Level 1:colcon.colcon_core.package_identification:_identify(robot_description) by extensions ['ros']
[0.398s] Level 1:colcon.colcon_core.package_identification:_identify(robot_description) by extension 'ros'
[0.398s] DEBUG:colcon.colcon_core.package_identification:Package 'robot_description' with type 'ros.ament_cmake' and name 'robot_description'
[0.398s] Level 1:colcon.colcon_core.package_discovery:discover_packages(recursive) using defaults
[0.398s] Level 1:colcon.colcon_core.package_discovery:discover_packages(ignore) discover
[0.398s] Level 1:colcon.colcon_core.package_discovery:discover_packages(ignore) using defaults
[0.398s] Level 1:colcon.colcon_core.package_discovery:discover_packages(path) discover
[0.399s] Level 1:colcon.colcon_core.package_discovery:discover_packages(path) using defaults
[0.456s] Level 1:colcon.colcon_core.package_discovery:discover_packages(prefix_path) check parameters
[0.457s] Level 1:colcon.colcon_core.package_discovery:discover_packages(prefix_path) discover
[0.459s] DEBUG:colcon.colcon_installed_package_information.package_discovery:Found 3 installed packages in /home/fef2/ROS/ex01/install
[0.461s] DEBUG:colcon.colcon_installed_package_information.package_discovery:Found 281 installed packages in /opt/ros/humble
[0.463s] Level 1:colcon.colcon_core.package_discovery:discover_packages(prefix_path) using defaults
[0.514s] Level 5:colcon.colcon_core.verb:set package 'robot_app' build argument 'cmake_args' from command line to 'None'
[0.514s] Level 5:colcon.colcon_core.verb:set package 'robot_app' build argument 'cmake_target' from command line to 'None'
[0.514s] Level 5:colcon.colcon_core.verb:set package 'robot_app' build argument 'cmake_target_skip_unavailable' from command line to 'False'
[0.514s] Level 5:colcon.colcon_core.verb:set package 'robot_app' build argument 'cmake_clean_cache' from command line to 'False'
[0.514s] Level 5:colcon.colcon_core.verb:set package 'robot_app' build argument 'cmake_clean_first' from command line to 'False'
[0.514s] Level 5:colcon.colcon_core.verb:set package 'robot_app' build argument 'cmake_force_configure' from command line to 'False'
[0.514s] Level 5:colcon.colcon_core.verb:set package 'robot_app' build argument 'ament_cmake_args' from command line to 'None'
[0.514s] Level 5:colcon.colcon_core.verb:set package 'robot_app' build argument 'catkin_cmake_args' from command line to 'None'
[0.514s] Level 5:colcon.colcon_core.verb:set package 'robot_app' build argument 'catkin_skip_building_tests' from command line to 'False'
[0.514s] DEBUG:colcon.colcon_core.verb:Building package 'robot_app' with the following arguments: {'ament_cmake_args': None, 'build_base': '/home/fef2/ROS/ex01/build/robot_app', 'catkin_cmake_args': None, 'catkin_skip_building_tests': False, 'cmake_args': None, 'cmake_clean_cache': False, 'cmake_clean_first': False, 'cmake_force_configure': False, 'cmake_target': None, 'cmake_target_skip_unavailable': False, 'install_base': '/home/fef2/ROS/ex01/install/robot_app', 'merge_install': False, 'path': '/home/fef2/ROS/ex01/robot_app', 'symlink_install': False, 'test_result_base': None}
[0.515s] Level 5:colcon.colcon_core.verb:set package 'robot_bringup' build argument 'cmake_args' from command line to 'None'
[0.515s] Level 5:colcon.colcon_core.verb:set package 'robot_bringup' build argument 'cmake_target' from command line to 'None'
[0.515s] Level 5:colcon.colcon_core.verb:set package 'robot_bringup' build argument 'cmake_target_skip_unavailable' from command line to 'False'
[0.515s] Level 5:colcon.colcon_core.verb:set package 'robot_bringup' build argument 'cmake_clean_cache' from command line to 'False'
[0.515s] Level 5:colcon.colcon_core.verb:set package 'robot_bringup' build argument 'cmake_clean_first' from command line to 'False'
[0.515s] Level 5:colcon.colcon_core.verb:set package 'robot_bringup' build argument 'cmake_force_configure' from command line to 'False'
[0.515s] Level 5:colcon.colcon_core.verb:set package 'robot_bringup' build argument 'ament_cmake_args' from command line to 'None'
[0.515s] Level 5:colcon.colcon_core.verb:set package 'robot_bringup' build argument 'catkin_cmake_args' from command line to 'None'
[0.515s] Level 5:colcon.colcon_core.verb:set package 'robot_bringup' build argument 'catkin_skip_building_tests' from command line to 'False'
[0.515s] DEBUG:colcon.colcon_core.verb:Building package 'robot_bringup' with the following arguments: {'ament_cmake_args': None, 'build_base': '/home/fef2/ROS/ex01/build/robot_bringup', 'catkin_cmake_args': None, 'catkin_skip_building_tests': False, 'cmake_args': None, 'cmake_clean_cache': False, 'cmake_clean_first': False, 'cmake_force_configure': False, 'cmake_target': None, 'cmake_target_skip_unavailable': False, 'install_base': '/home/fef2/ROS/ex01/install/robot_bringup', 'merge_install': False, 'path': '/home/fef2/ROS/ex01/robot_bringup', 'symlink_install': False, 'test_result_base': None}
[0.516s] Level 5:colcon.colcon_core.verb:set package 'robot_description' build argument 'cmake_args' from command line to 'None'
[0.516s] Level 5:colcon.colcon_core.verb:set package 'robot_description' build argument 'cmake_target' from command line to 'None'
[0.516s] Level 5:colcon.colcon_core.verb:set package 'robot_description' build argument 'cmake_target_skip_unavailable' from command line to 'False'
[0.516s] Level 5:colcon.colcon_core.verb:set package 'robot_description' build argument 'cmake_clean_cache' from command line to 'False'
[0.516s] Level 5:colcon.colcon_core.verb:set package 'robot_description' build argument 'cmake_clean_first' from command line to 'False'
[0.516s] Level 5:colcon.colcon_core.verb:set package 'robot_description' build argument 'cmake_force_configure' from command line to 'False'
[0.516s] Level 5:colcon.colcon_core.verb:set package 'robot_description' build argument 'ament_cmake_args' from command line to 'None'
[0.516s] Level 5:colcon.colcon_core.verb:set package 'robot_description' build argument 'catkin_cmake_args' from command line to 'None'
[0.516s] Level 5:colcon.colcon_core.verb:set package 'robot_description' build argument 'catkin_skip_building_tests' from command line to 'False'
[0.516s] DEBUG:colcon.colcon_core.verb:Building package 'robot_description' with the following arguments: {'ament_cmake_args': None, 'build_base': '/home/fef2/ROS/ex01/build/robot_description', 'catkin_cmake_args': None, 'catkin_skip_building_tests': False, 'cmake_args': None, 'cmake_clean_cache': False, 'cmake_clean_first': False, 'cmake_force_configure': False, 'cmake_target': None, 'cmake_target_skip_unavailable': False, 'install_base': '/home/fef2/ROS/ex01/install/robot_description', 'merge_install': False, 'path': '/home/fef2/ROS/ex01/robot_description', 'symlink_install': False, 'test_result_base': None}
[0.516s] INFO:colcon.colcon_core.executor:Executing jobs using 'parallel' executor
[0.518s] DEBUG:colcon.colcon_parallel_executor.executor.parallel:run_until_complete
[0.518s] INFO:colcon.colcon_ros.task.ament_cmake.build:Building ROS package in '/home/fef2/ROS/ex01/robot_app' with build type 'ament_cmake'
[0.518s] INFO:colcon.colcon_cmake.task.cmake.build:Building CMake package in '/home/fef2/ROS/ex01/robot_app'
[0.521s] INFO:colcon.colcon_core.plugin_system:Skipping extension 'colcon_core.shell.bat': Not used on non-Windows systems
[0.522s] INFO:colcon.colcon_core.shell:Skip shell extension 'powershell' for command environment: Not usable outside of PowerShell
[0.522s] DEBUG:colcon.colcon_core.shell:Skip shell extension 'dsv' for command environment
[0.527s] INFO:colcon.colcon_ros.task.ament_cmake.build:Building ROS package in '/home/fef2/ROS/ex01/robot_bringup' with build type 'ament_cmake'
[0.528s] INFO:colcon.colcon_cmake.task.cmake.build:Building CMake package in '/home/fef2/ROS/ex01/robot_bringup'
[0.528s] INFO:colcon.colcon_core.shell:Skip shell extension 'powershell' for command environment: Not usable outside of PowerShell
[0.528s] DEBUG:colcon.colcon_core.shell:Skip shell extension 'dsv' for command environment
[0.534s] INFO:colcon.colcon_ros.task.ament_cmake.build:Building ROS package in '/home/fef2/ROS/ex01/robot_description' with build type 'ament_cmake'
[0.534s] INFO:colcon.colcon_cmake.task.cmake.build:Building CMake package in '/home/fef2/ROS/ex01/robot_description'
[0.534s] INFO:colcon.colcon_core.shell:Skip shell extension 'powershell' for command environment: Not usable outside of PowerShell
[0.534s] DEBUG:colcon.colcon_core.shell:Skip shell extension 'dsv' for command environment
[0.548s] DEBUG:colcon.colcon_core.event_handler.log_command:Invoking command in '/home/fef2/ROS/ex01/build/robot_app': CMAKE_PREFIX_PATH=${CMAKE_PREFIX_PATH}:/opt/ros/humble /usr/bin/cmake --build /home/fef2/ROS/ex01/build/robot_app -- -j12 -l12
[0.556s] DEBUG:colcon.colcon_core.event_handler.log_command:Invoking command in '/home/fef2/ROS/ex01/build/robot_bringup': CMAKE_PREFIX_PATH=${CMAKE_PREFIX_PATH}:/opt/ros/humble /usr/bin/cmake --build /home/fef2/ROS/ex01/build/robot_bringup -- -j12 -l12
[0.561s] DEBUG:colcon.colcon_core.event_handler.log_command:Invoking command in '/home/fef2/ROS/ex01/build/robot_description': CMAKE_PREFIX_PATH=${CMAKE_PREFIX_PATH}:/opt/ros/humble /usr/bin/cmake --build /home/fef2/ROS/ex01/build/robot_description -- -j12 -l12
[0.612s] DEBUG:colcon.colcon_core.event_handler.log_command:Invoked command in '/home/fef2/ROS/ex01/build/robot_app' returned '0': CMAKE_PREFIX_PATH=${CMAKE_PREFIX_PATH}:/opt/ros/humble /usr/bin/cmake --build /home/fef2/ROS/ex01/build/robot_app -- -j12 -l12
[0.623s] DEBUG:colcon.colcon_core.event_handler.log_command:Invoked command in '/home/fef2/ROS/ex01/build/robot_bringup' returned '0': CMAKE_PREFIX_PATH=${CMAKE_PREFIX_PATH}:/opt/ros/humble /usr/bin/cmake --build /home/fef2/ROS/ex01/build/robot_bringup -- -j12 -l12
[0.627s] DEBUG:colcon.colcon_core.event_handler.log_command:Invoked command in '/home/fef2/ROS/ex01/build/robot_description' returned '0': CMAKE_PREFIX_PATH=${CMAKE_PREFIX_PATH}:/opt/ros/humble /usr/bin/cmake --build /home/fef2/ROS/ex01/build/robot_description -- -j12 -l12
[0.667s] DEBUG:colcon.colcon_core.event_handler.log_command:Invoking command in '/home/fef2/ROS/ex01/build/robot_app': CMAKE_PREFIX_PATH=${CMAKE_PREFIX_PATH}:/opt/ros/humble /usr/bin/cmake --install /home/fef2/ROS/ex01/build/robot_app
[0.670s] DEBUG:colcon.colcon_core.event_handler.log_command:Invoking command in '/home/fef2/ROS/ex01/build/robot_bringup': CMAKE_PREFIX_PATH=${CMAKE_PREFIX_PATH}:/opt/ros/humble /usr/bin/cmake --install /home/fef2/ROS/ex01/build/robot_bringup
[0.674s] DEBUG:colcon.colcon_core.event_handler.log_command:Invoking command in '/home/fef2/ROS/ex01/build/robot_description': CMAKE_PREFIX_PATH=${CMAKE_PREFIX_PATH}:/opt/ros/humble /usr/bin/cmake --install /home/fef2/ROS/ex01/build/robot_description
[0.686s] Level 1:colcon.colcon_core.environment:create_environment_scripts_only(robot_app)
[0.687s] DEBUG:colcon.colcon_core.event_handler.log_command:Invoked command in '/home/fef2/ROS/ex01/build/robot_app' returned '0': CMAKE_PREFIX_PATH=${CMAKE_PREFIX_PATH}:/opt/ros/humble /usr/bin/cmake --install /home/fef2/ROS/ex01/build/robot_app
[0.692s] Level 1:colcon.colcon_core.environment:checking '/home/fef2/ROS/ex01/install/robot_app' for CMake module files
[0.693s] Level 1:colcon.colcon_core.environment:checking '/home/fef2/ROS/ex01/install/robot_app' for CMake config files
[0.694s] Level 1:colcon.colcon_core.shell:create_environment_hook('robot_app', 'cmake_prefix_path')
[0.694s] INFO:colcon.colcon_core.shell:Creating environment hook '/home/fef2/ROS/ex01/install/robot_app/share/robot_app/hook/cmake_prefix_path.ps1'
[0.696s] INFO:colcon.colcon_core.shell:Creating environment descriptor '/home/fef2/ROS/ex01/install/robot_app/share/robot_app/hook/cmake_prefix_path.dsv'
[0.697s] INFO:colcon.colcon_core.shell:Creating environment hook '/home/fef2/ROS/ex01/install/robot_app/share/robot_app/hook/cmake_prefix_path.sh'
[0.699s] Level 1:colcon.colcon_core.environment:checking '/home/fef2/ROS/ex01/install/robot_app/bin'
[0.699s] Level 1:colcon.colcon_core.environment:checking '/home/fef2/ROS/ex01/install/robot_app/lib/pkgconfig/robot_app.pc'
[0.700s] Level 1:colcon.colcon_core.environment:checking '/home/fef2/ROS/ex01/install/robot_app/lib/python3.10/site-packages'
[0.700s] Level 1:colcon.colcon_core.environment:checking '/home/fef2/ROS/ex01/install/robot_app/bin'
[0.701s] INFO:colcon.colcon_core.shell:Creating package script '/home/fef2/ROS/ex01/install/robot_app/share/robot_app/package.ps1'
[0.703s] INFO:colcon.colcon_core.shell:Creating package descriptor '/home/fef2/ROS/ex01/install/robot_app/share/robot_app/package.dsv'
[0.704s] INFO:colcon.colcon_core.shell:Creating package script '/home/fef2/ROS/ex01/install/robot_app/share/robot_app/package.sh'
[0.705s] INFO:colcon.colcon_core.shell:Creating package script '/home/fef2/ROS/ex01/install/robot_app/share/robot_app/package.bash'
[0.707s] INFO:colcon.colcon_core.shell:Creating package script '/home/fef2/ROS/ex01/install/robot_app/share/robot_app/package.zsh'
[0.708s] Level 1:colcon.colcon_core.environment:create_file_with_runtime_dependencies(/home/fef2/ROS/ex01/install/robot_app/share/colcon-core/packages/robot_app)
[0.712s] Level 1:colcon.colcon_core.environment:create_environment_scripts_only(robot_bringup)
[0.713s] Level 1:colcon.colcon_core.environment:checking '/home/fef2/ROS/ex01/install/robot_bringup' for CMake module files
[0.713s] DEBUG:colcon.colcon_core.event_handler.log_command:Invoked command in '/home/fef2/ROS/ex01/build/robot_bringup' returned '0': CMAKE_PREFIX_PATH=${CMAKE_PREFIX_PATH}:/opt/ros/humble /usr/bin/cmake --install /home/fef2/ROS/ex01/build/robot_bringup
[0.714s] Level 1:colcon.colcon_core.environment:checking '/home/fef2/ROS/ex01/install/robot_bringup' for CMake config files
[0.715s] Level 1:colcon.colcon_core.shell:create_environment_hook('robot_bringup', 'cmake_prefix_path')
[0.715s] INFO:colcon.colcon_core.shell:Creating environment hook '/home/fef2/ROS/ex01/install/robot_bringup/share/robot_bringup/hook/cmake_prefix_path.ps1'
[0.716s] INFO:colcon.colcon_core.shell:Creating environment descriptor '/home/fef2/ROS/ex01/install/robot_bringup/share/robot_bringup/hook/cmake_prefix_path.dsv'
[0.717s] INFO:colcon.colcon_core.shell:Creating environment hook '/home/fef2/ROS/ex01/install/robot_bringup/share/robot_bringup/hook/cmake_prefix_path.sh'
[0.719s] Level 1:colcon.colcon_core.environment:checking '/home/fef2/ROS/ex01/install/robot_bringup/bin'
[0.719s] Level 1:colcon.colcon_core.environment:checking '/home/fef2/ROS/ex01/install/robot_bringup/lib/pkgconfig/robot_bringup.pc'
[0.719s] Level 1:colcon.colcon_core.environment:checking '/home/fef2/ROS/ex01/install/robot_bringup/lib/python3.10/site-packages'
[0.720s] Level 1:colcon.colcon_core.environment:checking '/home/fef2/ROS/ex01/install/robot_bringup/bin'
[0.721s] INFO:colcon.colcon_core.shell:Creating package script '/home/fef2/ROS/ex01/install/robot_bringup/share/robot_bringup/package.ps1'
[0.721s] INFO:colcon.colcon_core.shell:Creating package descriptor '/home/fef2/ROS/ex01/install/robot_bringup/share/robot_bringup/package.dsv'
[0.722s] INFO:colcon.colcon_core.shell:Creating package script '/home/fef2/ROS/ex01/install/robot_bringup/share/robot_bringup/package.sh'
[0.723s] INFO:colcon.colcon_core.shell:Creating package script '/home/fef2/ROS/ex01/install/robot_bringup/share/robot_bringup/package.bash'
[0.724s] INFO:colcon.colcon_core.shell:Creating package script '/home/fef2/ROS/ex01/install/robot_bringup/share/robot_bringup/package.zsh'
[0.725s] Level 1:colcon.colcon_core.environment:create_file_with_runtime_dependencies(/home/fef2/ROS/ex01/install/robot_bringup/share/colcon-core/packages/robot_bringup)
[0.727s] Level 1:colcon.colcon_core.environment:create_environment_scripts_only(robot_description)
[0.728s] DEBUG:colcon.colcon_core.event_handler.log_command:Invoked command in '/home/fef2/ROS/ex01/build/robot_description' returned '0': CMAKE_PREFIX_PATH=${CMAKE_PREFIX_PATH}:/opt/ros/humble /usr/bin/cmake --install /home/fef2/ROS/ex01/build/robot_description
[0.728s] Level 1:colcon.colcon_core.environment:checking '/home/fef2/ROS/ex01/install/robot_description' for CMake module files
[0.730s] Level 1:colcon.colcon_core.environment:checking '/home/fef2/ROS/ex01/install/robot_description' for CMake config files
[0.730s] Level 1:colcon.colcon_core.shell:create_environment_hook('robot_description', 'cmake_prefix_path')
[0.730s] INFO:colcon.colcon_core.shell:Creating environment hook '/home/fef2/ROS/ex01/install/robot_description/share/robot_description/hook/cmake_prefix_path.ps1'
[0.731s] INFO:colcon.colcon_core.shell:Creating environment descriptor '/home/fef2/ROS/ex01/install/robot_description/share/robot_description/hook/cmake_prefix_path.dsv'
[0.732s] INFO:colcon.colcon_core.shell:Creating environment hook '/home/fef2/ROS/ex01/install/robot_description/share/robot_description/hook/cmake_prefix_path.sh'
[0.734s] Level 1:colcon.colcon_core.environment:checking '/home/fef2/ROS/ex01/install/robot_description/bin'
[0.734s] Level 1:colcon.colcon_core.environment:checking '/home/fef2/ROS/ex01/install/robot_description/lib/pkgconfig/robot_description.pc'
[0.734s] Level 1:colcon.colcon_core.environment:checking '/home/fef2/ROS/ex01/install/robot_description/lib/python3.10/site-packages'
[0.735s] Level 1:colcon.colcon_core.environment:checking '/home/fef2/ROS/ex01/install/robot_description/bin'
[0.735s] INFO:colcon.colcon_core.shell:Creating package script '/home/fef2/ROS/ex01/install/robot_description/share/robot_description/package.ps1'
[0.736s] INFO:colcon.colcon_core.shell:Creating package descriptor '/home/fef2/ROS/ex01/install/robot_description/share/robot_description/package.dsv'
[0.737s] INFO:colcon.colcon_core.shell:Creating package script '/home/fef2/ROS/ex01/install/robot_description/share/robot_description/package.sh'
[0.738s] INFO:colcon.colcon_core.shell:Creating package script '/home/fef2/ROS/ex01/install/robot_description/share/robot_description/package.bash'
[0.738s] INFO:colcon.colcon_core.shell:Creating package script '/home/fef2/ROS/ex01/install/robot_description/share/robot_description/package.zsh'
[0.739s] Level 1:colcon.colcon_core.environment:create_file_with_runtime_dependencies(/home/fef2/ROS/ex01/install/robot_description/share/colcon-core/packages/robot_description)
[0.751s] Level 1:colcon.colcon_core.environment:create_environment_scripts_only(robot_app)
[0.752s] Level 1:colcon.colcon_core.environment:checking '/home/fef2/ROS/ex01/install/robot_app' for CMake module files
[0.752s] Level 1:colcon.colcon_core.environment:checking '/home/fef2/ROS/ex01/install/robot_app' for CMake config files
[0.753s] Level 1:colcon.colcon_core.shell:create_environment_hook('robot_app', 'cmake_prefix_path')
[0.753s] INFO:colcon.colcon_core.shell:Creating environment hook '/home/fef2/ROS/ex01/install/robot_app/share/robot_app/hook/cmake_prefix_path.ps1'
[0.754s] INFO:colcon.colcon_core.shell:Creating environment descriptor '/home/fef2/ROS/ex01/install/robot_app/share/robot_app/hook/cmake_prefix_path.dsv'
[0.754s] INFO:colcon.colcon_core.shell:Creating environment hook '/home/fef2/ROS/ex01/install/robot_app/share/robot_app/hook/cmake_prefix_path.sh'
[0.755s] Level 1:colcon.colcon_core.environment:checking '/home/fef2/ROS/ex01/install/robot_app/bin'
[0.755s] Level 1:colcon.colcon_core.environment:checking '/home/fef2/ROS/ex01/install/robot_app/lib/pkgconfig/robot_app.pc'
[0.755s] Level 1:colcon.colcon_core.environment:checking '/home/fef2/ROS/ex01/install/robot_app/lib/python3.10/site-packages'
[0.756s] Level 1:colcon.colcon_core.environment:checking '/home/fef2/ROS/ex01/install/robot_app/bin'
[0.756s] INFO:colcon.colcon_core.shell:Creating package script '/home/fef2/ROS/ex01/install/robot_app/share/robot_app/package.ps1'
[0.757s] INFO:colcon.colcon_core.shell:Creating package descriptor '/home/fef2/ROS/ex01/install/robot_app/share/robot_app/package.dsv'
[0.757s] INFO:colcon.colcon_core.shell:Creating package script '/home/fef2/ROS/ex01/install/robot_app/share/robot_app/package.sh'
[0.758s] INFO:colcon.colcon_core.shell:Creating package script '/home/fef2/ROS/ex01/install/robot_app/share/robot_app/package.bash'
[0.759s] INFO:colcon.colcon_core.shell:Creating package script '/home/fef2/ROS/ex01/install/robot_app/share/robot_app/package.zsh'
[0.759s] Level 1:colcon.colcon_core.environment:create_file_with_runtime_dependencies(/home/fef2/ROS/ex01/install/robot_app/share/colcon-core/packages/robot_app)
[0.761s] Level 1:colcon.colcon_core.environment:create_environment_scripts_only(robot_bringup)
[0.762s] Level 1:colcon.colcon_core.environment:checking '/home/fef2/ROS/ex01/install/robot_bringup' for CMake module files
[0.762s] Level 1:colcon.colcon_core.environment:checking '/home/fef2/ROS/ex01/install/robot_bringup' for CMake config files
[0.763s] Level 1:colcon.colcon_core.shell:create_environment_hook('robot_bringup', 'cmake_prefix_path')
[0.763s] INFO:colcon.colcon_core.shell:Creating environment hook '/home/fef2/ROS/ex01/install/robot_bringup/share/robot_bringup/hook/cmake_prefix_path.ps1'
[0.763s] INFO:colcon.colcon_core.shell:Creating environment descriptor '/home/fef2/ROS/ex01/install/robot_bringup/share/robot_bringup/hook/cmake_prefix_path.dsv'
[0.764s] INFO:colcon.colcon_core.shell:Creating environment hook '/home/fef2/ROS/ex01/install/robot_bringup/share/robot_bringup/hook/cmake_prefix_path.sh'
[0.765s] Level 1:colcon.colcon_core.environment:checking '/home/fef2/ROS/ex01/install/robot_bringup/bin'
[0.765s] Level 1:colcon.colcon_core.environment:checking '/home/fef2/ROS/ex01/install/robot_bringup/lib/pkgconfig/robot_bringup.pc'
[0.765s] Level 1:colcon.colcon_core.environment:checking '/home/fef2/ROS/ex01/install/robot_bringup/lib/python3.10/site-packages'
[0.765s] Level 1:colcon.colcon_core.environment:checking '/home/fef2/ROS/ex01/install/robot_bringup/bin'
[0.766s] INFO:colcon.colcon_core.shell:Creating package script '/home/fef2/ROS/ex01/install/robot_bringup/share/robot_bringup/package.ps1'
[0.766s] INFO:colcon.colcon_core.shell:Creating package descriptor '/home/fef2/ROS/ex01/install/robot_bringup/share/robot_bringup/package.dsv'
[0.767s] INFO:colcon.colcon_core.shell:Creating package script '/home/fef2/ROS/ex01/install/robot_bringup/share/robot_bringup/package.sh'
[0.768s] INFO:colcon.colcon_core.shell:Creating package script '/home/fef2/ROS/ex01/install/robot_bringup/share/robot_bringup/package.bash'
[0.768s] INFO:colcon.colcon_core.shell:Creating package script '/home/fef2/ROS/ex01/install/robot_bringup/share/robot_bringup/package.zsh'
[0.769s] Level 1:colcon.colcon_core.environment:create_file_with_runtime_dependencies(/home/fef2/ROS/ex01/install/robot_bringup/share/colcon-core/packages/robot_bringup)
[0.777s] Level 1:colcon.colcon_core.environment:create_environment_scripts_only(robot_description)
[0.777s] Level 1:colcon.colcon_core.environment:checking '/home/fef2/ROS/ex01/install/robot_description' for CMake module files
[0.778s] Level 1:colcon.colcon_core.environment:checking '/home/fef2/ROS/ex01/install/robot_description' for CMake config files
[0.778s] Level 1:colcon.colcon_core.shell:create_environment_hook('robot_description', 'cmake_prefix_path')
[0.779s] INFO:colcon.colcon_core.shell:Creating environment hook '/home/fef2/ROS/ex01/install/robot_description/share/robot_description/hook/cmake_prefix_path.ps1'
[0.779s] INFO:colcon.colcon_core.shell:Creating environment descriptor '/home/fef2/ROS/ex01/install/robot_description/share/robot_description/hook/cmake_prefix_path.dsv'
[0.780s] INFO:colcon.colcon_core.shell:Creating environment hook '/home/fef2/ROS/ex01/install/robot_description/share/robot_description/hook/cmake_prefix_path.sh'
[0.781s] Level 1:colcon.colcon_core.environment:checking '/home/fef2/ROS/ex01/install/robot_description/bin'
[0.781s] Level 1:colcon.colcon_core.environment:checking '/home/fef2/ROS/ex01/install/robot_description/lib/pkgconfig/robot_description.pc'
[0.781s] Level 1:colcon.colcon_core.environment:checking '/home/fef2/ROS/ex01/install/robot_description/lib/python3.10/site-packages'
[0.781s] Level 1:colcon.colcon_core.environment:checking '/home/fef2/ROS/ex01/install/robot_description/bin'
[0.782s] INFO:colcon.colcon_core.shell:Creating package script '/home/fef2/ROS/ex01/install/robot_description/share/robot_description/package.ps1'
[0.782s] INFO:colcon.colcon_core.shell:Creating package descriptor '/home/fef2/ROS/ex01/install/robot_description/share/robot_description/package.dsv'
[0.783s] INFO:colcon.colcon_core.shell:Creating package script '/home/fef2/ROS/ex01/install/robot_description/share/robot_description/package.sh'
[0.784s] INFO:colcon.colcon_core.shell:Creating package script '/home/fef2/ROS/ex01/install/robot_description/share/robot_description/package.bash'
[0.784s] INFO:colcon.colcon_core.shell:Creating package script '/home/fef2/ROS/ex01/install/robot_description/share/robot_description/package.zsh'
[0.785s] Level 1:colcon.colcon_core.environment:create_file_with_runtime_dependencies(/home/fef2/ROS/ex01/install/robot_description/share/colcon-core/packages/robot_description)
[0.785s] DEBUG:colcon.colcon_parallel_executor.executor.parallel:closing loop
[0.786s] DEBUG:colcon.colcon_parallel_executor.executor.parallel:loop closed
[0.786s] DEBUG:colcon.colcon_parallel_executor.executor.parallel:run_until_complete finished with '0'
[0.786s] DEBUG:colcon.colcon_core.event_reactor:joining thread
[0.793s] INFO:colcon.colcon_core.plugin_system:Skipping extension 'colcon_notification.desktop_notification.terminal_notifier': Not used on non-Darwin systems
[0.794s] INFO:colcon.colcon_core.plugin_system:Skipping extension 'colcon_notification.desktop_notification.win32': Not used on non-Windows systems
[0.794s] INFO:colcon.colcon_notification.desktop_notification:Sending desktop notification using 'notify2'
[0.812s] DEBUG:colcon.colcon_core.event_reactor:joined thread
[0.813s] INFO:colcon.colcon_core.shell:Creating prefix script '/home/fef2/ROS/ex01/install/local_setup.ps1'
[0.815s] INFO:colcon.colcon_core.shell:Creating prefix util module '/home/fef2/ROS/ex01/install/_local_setup_util_ps1.py'
[0.817s] INFO:colcon.colcon_core.shell:Creating prefix chain script '/home/fef2/ROS/ex01/install/setup.ps1'
[0.818s] INFO:colcon.colcon_core.shell:Creating prefix script '/home/fef2/ROS/ex01/install/local_setup.sh'
[0.819s] INFO:colcon.colcon_core.shell:Creating prefix util module '/home/fef2/ROS/ex01/install/_local_setup_util_sh.py'
[0.819s] INFO:colcon.colcon_core.shell:Creating prefix chain script '/home/fef2/ROS/ex01/install/setup.sh'
[0.821s] INFO:colcon.colcon_core.shell:Creating prefix script '/home/fef2/ROS/ex01/install/local_setup.bash'
[0.822s] INFO:colcon.colcon_core.shell:Creating prefix chain script '/home/fef2/ROS/ex01/install/setup.bash'
[0.823s] INFO:colcon.colcon_core.shell:Creating prefix script '/home/fef2/ROS/ex01/install/local_setup.zsh'
[0.823s] INFO:colcon.colcon_core.shell:Creating prefix chain script '/home/fef2/ROS/ex01/install/setup.zsh'
