[0.012s] Invoking command in '/home/fef2/ROS/ex01/build/robot_description': CMAKE_PREFIX_PATH=/opt/ros/humble /usr/bin/cmake /home/fef2/ROS/ex01/robot_description -DCMAKE_INSTALL_PREFIX=/home/fef2/ROS/ex01/install/robot_description
[0.067s] -- The C compiler identification is GNU 11.4.0
[0.122s] -- The CXX compiler identification is GNU 11.4.0
[0.129s] -- Detecting C compiler ABI info
[0.198s] -- Detecting C compiler ABI info - done
[0.205s] -- Check for working C compiler: /usr/bin/cc - skipped
[0.205s] -- Detecting C compile features
[0.206s] -- Detecting C compile features - done
[0.208s] -- Detecting CXX compiler ABI info
[0.288s] -- Detecting CXX compiler ABI info - done
[0.296s] -- Check for working CXX compiler: /usr/bin/c++ - skipped
[0.296s] -- Detecting CXX compile features
[0.296s] -- Detecting CXX compile features - done
[0.298s] -- Found ament_cmake: 1.3.10 (/opt/ros/humble/share/ament_cmake/cmake)
[0.437s] -- Found Python3: /usr/bin/python3 (found version "3.10.12") found components: Interpreter 
[0.544s] -- Found ament_lint_auto: 0.12.11 (/opt/ros/humble/share/ament_lint_auto/cmake)
[0.603s] -- Configuring done
[0.606s] -- Generating done
[0.607s] -- Build files have been written to: /home/fef2/ROS/ex01/build/robot_description
[0.612s] Invoked command in '/home/fef2/ROS/ex01/build/robot_description' returned '0': CMAKE_PREFIX_PATH=/opt/ros/humble /usr/bin/cmake /home/fef2/ROS/ex01/robot_description -DCMAKE_INSTALL_PREFIX=/home/fef2/ROS/ex01/install/robot_description
[0.614s] Invoking command in '/home/fef2/ROS/ex01/build/robot_description': CMAKE_PREFIX_PATH=/opt/ros/humble /usr/bin/cmake --build /home/fef2/ROS/ex01/build/robot_description -- -j12 -l12
[0.652s] Invoked command in '/home/fef2/ROS/ex01/build/robot_description' returned '0': CMAKE_PREFIX_PATH=/opt/ros/humble /usr/bin/cmake --build /home/fef2/ROS/ex01/build/robot_description -- -j12 -l12
[0.682s] Invoking command in '/home/fef2/ROS/ex01/build/robot_description': CMAKE_PREFIX_PATH=/opt/ros/humble /usr/bin/cmake --install /home/fef2/ROS/ex01/build/robot_description
[0.690s] -- Install configuration: ""
[0.690s] -- Installing: /home/fef2/ROS/ex01/install/robot_description/share/robot_description//urdf
[0.690s] -- Installing: /home/fef2/ROS/ex01/install/robot_description/share/robot_description//urdf/d455.stl
[0.693s] -- Installing: /home/fef2/ROS/ex01/install/robot_description/share/robot_description//urdf/lidar_config.rviz
[0.694s] -- Installing: /home/fef2/ROS/ex01/install/robot_description/share/robot_description//urdf/gazebo.urdf.xacro
[0.694s] -- Installing: /home/fef2/ROS/ex01/install/robot_description/share/robot_description//urdf/imu.urdf.xacro
[0.694s] -- Installing: /home/fef2/ROS/ex01/install/robot_description/share/robot_description//urdf/robot.urdf.xacro
[0.695s] -- Installing: /home/fef2/ROS/ex01/install/robot_description/share/robot_description//urdf/depth.urdf.xacro
[0.695s] -- Installing: /home/fef2/ROS/ex01/install/robot_description/share/robot_description//urdf/lidar.urdf.xacro
[0.695s] -- Installing: /home/fef2/ROS/ex01/install/robot_description/share/ament_index/resource_index/package_run_dependencies/robot_description
[0.695s] -- Installing: /home/fef2/ROS/ex01/install/robot_description/share/ament_index/resource_index/parent_prefix_path/robot_description
[0.695s] -- Installing: /home/fef2/ROS/ex01/install/robot_description/share/robot_description/environment/ament_prefix_path.sh
[0.696s] -- Installing: /home/fef2/ROS/ex01/install/robot_description/share/robot_description/environment/ament_prefix_path.dsv
[0.696s] -- Installing: /home/fef2/ROS/ex01/install/robot_description/share/robot_description/environment/path.sh
[0.696s] -- Installing: /home/fef2/ROS/ex01/install/robot_description/share/robot_description/environment/path.dsv
[0.696s] -- Installing: /home/fef2/ROS/ex01/install/robot_description/share/robot_description/local_setup.bash
[0.696s] -- Installing: /home/fef2/ROS/ex01/install/robot_description/share/robot_description/local_setup.sh
[0.696s] -- Installing: /home/fef2/ROS/ex01/install/robot_description/share/robot_description/local_setup.zsh
[0.696s] -- Installing: /home/fef2/ROS/ex01/install/robot_description/share/robot_description/local_setup.dsv
[0.696s] -- Installing: /home/fef2/ROS/ex01/install/robot_description/share/robot_description/package.dsv
[0.696s] -- Installing: /home/fef2/ROS/ex01/install/robot_description/share/ament_index/resource_index/packages/robot_description
[0.697s] -- Installing: /home/fef2/ROS/ex01/install/robot_description/share/robot_description/cmake/robot_descriptionConfig.cmake
[0.697s] -- Installing: /home/fef2/ROS/ex01/install/robot_description/share/robot_description/cmake/robot_descriptionConfig-version.cmake
[0.697s] -- Installing: /home/fef2/ROS/ex01/install/robot_description/share/robot_description/package.xml
[0.707s] Invoked command in '/home/fef2/ROS/ex01/build/robot_description' returned '0': CMAKE_PREFIX_PATH=/opt/ros/humble /usr/bin/cmake --install /home/fef2/ROS/ex01/build/robot_description
