-- The C compiler identification is GNU 11.4.0
-- The CXX compiler identification is GNU 11.4.0
-- Detecting C compiler ABI info
-- Detecting C compiler ABI info - done
-- Check for working C compiler: /usr/bin/cc - skipped
-- Detecting C compile features
-- Detecting C compile features - done
-- Detecting CXX compiler ABI info
-- Detecting CXX compiler ABI info - done
-- Check for working CXX compiler: /usr/bin/c++ - skipped
-- Detecting CXX compile features
-- Detecting CXX compile features - done
-- Found ament_cmake: 1.3.10 (/opt/ros/humble/share/ament_cmake/cmake)
-- Found Python3: /usr/bin/python3 (found version "3.10.12") found components: Interpreter 
-- Configuring done
-- Generating done
-- Build files have been written to: /home/fef2/ROS/ex01/build/robot_app
-- Install configuration: ""
-- Installing: /home/fef2/ROS/ex01/install/robot_app/share/ament_index/resource_index/package_run_dependencies/robot_app
-- Installing: /home/fef2/ROS/ex01/install/robot_app/share/ament_index/resource_index/parent_prefix_path/robot_app
-- Installing: /home/fef2/ROS/ex01/install/robot_app/share/robot_app/environment/ament_prefix_path.sh
-- Installing: /home/fef2/ROS/ex01/install/robot_app/share/robot_app/environment/ament_prefix_path.dsv
-- Installing: /home/fef2/ROS/ex01/install/robot_app/share/robot_app/environment/path.sh
-- Installing: /home/fef2/ROS/ex01/install/robot_app/share/robot_app/environment/path.dsv
-- Installing: /home/fef2/ROS/ex01/install/robot_app/share/robot_app/local_setup.bash
-- Installing: /home/fef2/ROS/ex01/install/robot_app/share/robot_app/local_setup.sh
-- Installing: /home/fef2/ROS/ex01/install/robot_app/share/robot_app/local_setup.zsh
-- Installing: /home/fef2/ROS/ex01/install/robot_app/share/robot_app/local_setup.dsv
-- Installing: /home/fef2/ROS/ex01/install/robot_app/share/robot_app/package.dsv
-- Installing: /home/fef2/ROS/ex01/install/robot_app/share/ament_index/resource_index/packages/robot_app
-- Installing: /home/fef2/ROS/ex01/install/robot_app/share/robot_app/cmake/robot_appConfig.cmake
-- Installing: /home/fef2/ROS/ex01/install/robot_app/share/robot_app/cmake/robot_appConfig-version.cmake
-- Installing: /home/fef2/ROS/ex01/install/robot_app/share/robot_app/package.xml
