[0.014s] Invoking command in '/home/fef2/ROS/ex01/build/robot_app': CMAKE_PREFIX_PATH=/opt/ros/humble /usr/bin/cmake /home/fef2/ROS/ex01/robot_app -DCMAKE_INSTALL_PREFIX=/home/fef2/ROS/ex01/install/robot_app
[0.076s] -- The C compiler identification is GNU 11.4.0
[0.132s] -- The CXX compiler identification is GNU 11.4.0
[0.139s] -- Detecting C compiler ABI info
[0.207s] -- Detecting C compiler ABI info - done
[0.214s] -- Check for working C compiler: /usr/bin/cc - skipped
[0.214s] -- Detecting C compile features
[0.214s] -- Detecting C compile features - done
[0.217s] -- Detecting CXX compiler ABI info
[0.296s] -- Detecting CXX compiler ABI info - done
[0.303s] -- Check for working CXX compiler: /usr/bin/c++ - skipped
[0.303s] -- Detecting CXX compile features
[0.303s] -- Detecting CXX compile features - done
[0.306s] -- Found ament_cmake: 1.3.10 (/opt/ros/humble/share/ament_cmake/cmake)
[0.451s] -- Found Python3: /usr/bin/python3 (found version "3.10.12") found components: Interpreter 
[0.607s] -- Configuring done
[0.610s] -- Generating done
[0.611s] -- Build files have been written to: /home/fef2/ROS/ex01/build/robot_app
[0.617s] Invoked command in '/home/fef2/ROS/ex01/build/robot_app' returned '0': CMAKE_PREFIX_PATH=/opt/ros/humble /usr/bin/cmake /home/fef2/ROS/ex01/robot_app -DCMAKE_INSTALL_PREFIX=/home/fef2/ROS/ex01/install/robot_app
[0.619s] Invoking command in '/home/fef2/ROS/ex01/build/robot_app': CMAKE_PREFIX_PATH=/opt/ros/humble /usr/bin/cmake --build /home/fef2/ROS/ex01/build/robot_app -- -j12 -l12
[0.666s] Invoked command in '/home/fef2/ROS/ex01/build/robot_app' returned '0': CMAKE_PREFIX_PATH=/opt/ros/humble /usr/bin/cmake --build /home/fef2/ROS/ex01/build/robot_app -- -j12 -l12
[0.692s] Invoking command in '/home/fef2/ROS/ex01/build/robot_app': CMAKE_PREFIX_PATH=/opt/ros/humble /usr/bin/cmake --install /home/fef2/ROS/ex01/build/robot_app
[0.699s] -- Install configuration: ""
[0.699s] -- Installing: /home/fef2/ROS/ex01/install/robot_app/share/ament_index/resource_index/package_run_dependencies/robot_app
[0.699s] -- Installing: /home/fef2/ROS/ex01/install/robot_app/share/ament_index/resource_index/parent_prefix_path/robot_app
[0.700s] -- Installing: /home/fef2/ROS/ex01/install/robot_app/share/robot_app/environment/ament_prefix_path.sh
[0.700s] -- Installing: /home/fef2/ROS/ex01/install/robot_app/share/robot_app/environment/ament_prefix_path.dsv
[0.700s] -- Installing: /home/fef2/ROS/ex01/install/robot_app/share/robot_app/environment/path.sh
[0.700s] -- Installing: /home/fef2/ROS/ex01/install/robot_app/share/robot_app/environment/path.dsv
[0.700s] -- Installing: /home/fef2/ROS/ex01/install/robot_app/share/robot_app/local_setup.bash
[0.701s] -- Installing: /home/fef2/ROS/ex01/install/robot_app/share/robot_app/local_setup.sh
[0.702s] -- Installing: /home/fef2/ROS/ex01/install/robot_app/share/robot_app/local_setup.zsh
[0.703s] -- Installing: /home/fef2/ROS/ex01/install/robot_app/share/robot_app/local_setup.dsv
[0.703s] -- Installing: /home/fef2/ROS/ex01/install/robot_app/share/robot_app/package.dsv
[0.703s] -- Installing: /home/fef2/ROS/ex01/install/robot_app/share/ament_index/resource_index/packages/robot_app
[0.703s] -- Installing: /home/fef2/ROS/ex01/install/robot_app/share/robot_app/cmake/robot_appConfig.cmake
[0.703s] -- Installing: /home/fef2/ROS/ex01/install/robot_app/share/robot_app/cmake/robot_appConfig-version.cmake
[0.703s] -- Installing: /home/fef2/ROS/ex01/install/robot_app/share/robot_app/package.xml
[0.705s] Invoked command in '/home/fef2/ROS/ex01/build/robot_app' returned '0': CMAKE_PREFIX_PATH=/opt/ros/humble /usr/bin/cmake --install /home/fef2/ROS/ex01/build/robot_app
