[0.216s] DEBUG:colcon:Command line arguments: ['/usr/bin/colcon', 'build']
[0.216s] DEBUG:colcon:Parsed command line arguments: Namespace(log_base=None, log_level=None, verb_name='build', build_base='build', install_base='install', merge_install=False, symlink_install=False, test_result_base=None, continue_on_error=False, executor='parallel', parallel_workers=12, event_handlers=None, ignore_user_meta=False, metas=['./colcon.meta'], base_paths=['.'], packages_ignore=None, packages_ignore_regex=None, paths=None, packages_up_to=None, packages_up_to_regex=None, packages_above=None, packages_above_and_dependencies=None, packages_above_depth=None, packages_select_by_dep=None, packages_skip_by_dep=None, packages_skip_up_to=None, packages_select_build_failed=False, packages_skip_build_finished=False, packages_select_test_failures=False, packages_skip_test_passed=False, packages_select=None, packages_skip=None, packages_select_regex=None, packages_skip_regex=None, packages_start=None, packages_end=None, allow_overriding=[], cmake_args=None, cmake_target=None, cmake_target_skip_unavailable=False, cmake_clean_cache=False, cmake_clean_first=False, cmake_force_configure=False, ament_cmake_args=None, catkin_cmake_args=None, catkin_skip_building_tests=False, mixin_files=None, mixin=None, verb_parser=<colcon_mixin.mixin.mixin_argument.MixinArgumentDecorator object at 0x7737a6fdf0a0>, verb_extension=<colcon_core.verb.build.BuildVerb object at 0x7737a70d6fb0>, main=<bound method BuildVerb.main of <colcon_core.verb.build.BuildVerb object at 0x7737a70d6fb0>>, mixin_verb=('build',))
[0.553s] Level 1:colcon.colcon_core.package_discovery:discover_packages(colcon_meta) check parameters
[0.553s] Level 1:colcon.colcon_core.package_discovery:discover_packages(recursive) check parameters
[0.553s] Level 1:colcon.colcon_core.package_discovery:discover_packages(ignore) check parameters
[0.553s] Level 1:colcon.colcon_core.package_discovery:discover_packages(path) check parameters
[0.553s] Level 1:colcon.colcon_core.package_discovery:discover_packages(colcon_meta) discover
[0.553s] Level 1:colcon.colcon_core.package_discovery:discover_packages(recursive) discover
[0.553s] INFO:colcon.colcon_core.package_discovery:Crawling recursively for packages in '/home/fef2/ROS/ex01'
[0.554s] Level 1:colcon.colcon_core.package_identification:_identify(.) by extensions ['ignore', 'ignore_ament_install']
[0.554s] Level 1:colcon.colcon_core.package_identification:_identify(.) by extension 'ignore'
[0.554s] Level 1:colcon.colcon_core.package_identification:_identify(.) by extension 'ignore_ament_install'
[0.554s] Level 1:colcon.colcon_core.package_identification:_identify(.) by extensions ['colcon_pkg']
[0.554s] Level 1:colcon.colcon_core.package_identification:_identify(.) by extension 'colcon_pkg'
[0.554s] Level 1:colcon.colcon_core.package_identification:_identify(.) by extensions ['colcon_meta']
[0.554s] Level 1:colcon.colcon_core.package_identification:_identify(.) by extension 'colcon_meta'
[0.554s] Level 1:colcon.colcon_core.package_identification:_identify(.) by extensions ['ros']
[0.554s] Level 1:colcon.colcon_core.package_identification:_identify(.) by extension 'ros'
[0.569s] Level 1:colcon.colcon_core.package_identification:_identify(.) by extensions ['cmake', 'python']
[0.569s] Level 1:colcon.colcon_core.package_identification:_identify(.) by extension 'cmake'
[0.569s] Level 1:colcon.colcon_core.package_identification:_identify(.) by extension 'python'
[0.569s] Level 1:colcon.colcon_core.package_identification:_identify(.) by extensions ['python_setup_py']
[0.569s] Level 1:colcon.colcon_core.package_identification:_identify(.) by extension 'python_setup_py'
[0.569s] Level 1:colcon.colcon_core.package_identification:_identify(build) by extensions ['ignore', 'ignore_ament_install']
[0.569s] Level 1:colcon.colcon_core.package_identification:_identify(build) by extension 'ignore'
[0.569s] Level 1:colcon.colcon_core.package_identification:_identify(build) ignored
[0.570s] Level 1:colcon.colcon_core.package_identification:_identify(install) by extensions ['ignore', 'ignore_ament_install']
[0.570s] Level 1:colcon.colcon_core.package_identification:_identify(install) by extension 'ignore'
[0.570s] Level 1:colcon.colcon_core.package_identification:_identify(install) ignored
[0.570s] Level 1:colcon.colcon_core.package_identification:_identify(log) by extensions ['ignore', 'ignore_ament_install']
[0.570s] Level 1:colcon.colcon_core.package_identification:_identify(log) by extension 'ignore'
[0.570s] Level 1:colcon.colcon_core.package_identification:_identify(log) ignored
[0.570s] Level 1:colcon.colcon_core.package_identification:_identify(robot_app) by extensions ['ignore', 'ignore_ament_install']
[0.570s] Level 1:colcon.colcon_core.package_identification:_identify(robot_app) by extension 'ignore'
[0.570s] Level 1:colcon.colcon_core.package_identification:_identify(robot_app) by extension 'ignore_ament_install'
[0.570s] Level 1:colcon.colcon_core.package_identification:_identify(robot_app) by extensions ['colcon_pkg']
[0.570s] Level 1:colcon.colcon_core.package_identification:_identify(robot_app) by extension 'colcon_pkg'
[0.571s] Level 1:colcon.colcon_core.package_identification:_identify(robot_app) by extensions ['colcon_meta']
[0.571s] Level 1:colcon.colcon_core.package_identification:_identify(robot_app) by extension 'colcon_meta'
[0.571s] Level 1:colcon.colcon_core.package_identification:_identify(robot_app) by extensions ['ros']
[0.571s] Level 1:colcon.colcon_core.package_identification:_identify(robot_app) by extension 'ros'
[0.574s] DEBUG:colcon.colcon_core.package_identification:Package 'robot_app' with type 'ros.ament_cmake' and name 'robot_app'
[0.574s] Level 1:colcon.colcon_core.package_identification:_identify(robot_bringup) by extensions ['ignore', 'ignore_ament_install']
[0.575s] Level 1:colcon.colcon_core.package_identification:_identify(robot_bringup) by extension 'ignore'
[0.575s] Level 1:colcon.colcon_core.package_identification:_identify(robot_bringup) by extension 'ignore_ament_install'
[0.575s] Level 1:colcon.colcon_core.package_identification:_identify(robot_bringup) by extensions ['colcon_pkg']
[0.575s] Level 1:colcon.colcon_core.package_identification:_identify(robot_bringup) by extension 'colcon_pkg'
[0.575s] Level 1:colcon.colcon_core.package_identification:_identify(robot_bringup) by extensions ['colcon_meta']
[0.575s] Level 1:colcon.colcon_core.package_identification:_identify(robot_bringup) by extension 'colcon_meta'
[0.575s] Level 1:colcon.colcon_core.package_identification:_identify(robot_bringup) by extensions ['ros']
[0.575s] Level 1:colcon.colcon_core.package_identification:_identify(robot_bringup) by extension 'ros'
[0.576s] DEBUG:colcon.colcon_core.package_identification:Package 'robot_bringup' with type 'ros.ament_cmake' and name 'robot_bringup'
[0.576s] Level 1:colcon.colcon_core.package_identification:_identify(robot_description) by extensions ['ignore', 'ignore_ament_install']
[0.576s] Level 1:colcon.colcon_core.package_identification:_identify(robot_description) by extension 'ignore'
[0.576s] Level 1:colcon.colcon_core.package_identification:_identify(robot_description) by extension 'ignore_ament_install'
[0.576s] Level 1:colcon.colcon_core.package_identification:_identify(robot_description) by extensions ['colcon_pkg']
[0.576s] Level 1:colcon.colcon_core.package_identification:_identify(robot_description) by extension 'colcon_pkg'
[0.576s] Level 1:colcon.colcon_core.package_identification:_identify(robot_description) by extensions ['colcon_meta']
[0.576s] Level 1:colcon.colcon_core.package_identification:_identify(robot_description) by extension 'colcon_meta'
[0.576s] Level 1:colcon.colcon_core.package_identification:_identify(robot_description) by extensions ['ros']
[0.576s] Level 1:colcon.colcon_core.package_identification:_identify(robot_description) by extension 'ros'
[0.577s] DEBUG:colcon.colcon_core.package_identification:Package 'robot_description' with type 'ros.ament_cmake' and name 'robot_description'
[0.577s] Level 1:colcon.colcon_core.package_discovery:discover_packages(recursive) using defaults
[0.577s] Level 1:colcon.colcon_core.package_discovery:discover_packages(ignore) discover
[0.577s] Level 1:colcon.colcon_core.package_discovery:discover_packages(ignore) using defaults
[0.577s] Level 1:colcon.colcon_core.package_discovery:discover_packages(path) discover
[0.577s] Level 1:colcon.colcon_core.package_discovery:discover_packages(path) using defaults
[0.640s] Level 1:colcon.colcon_core.package_discovery:discover_packages(prefix_path) check parameters
[0.640s] Level 1:colcon.colcon_core.package_discovery:discover_packages(prefix_path) discover
[0.644s] DEBUG:colcon.colcon_installed_package_information.package_discovery:Found 3 installed packages in /home/fef2/ROS/ex01/install
[0.646s] DEBUG:colcon.colcon_installed_package_information.package_discovery:Found 281 installed packages in /opt/ros/humble
[0.648s] Level 1:colcon.colcon_core.package_discovery:discover_packages(prefix_path) using defaults
[0.703s] Level 5:colcon.colcon_core.verb:set package 'robot_app' build argument 'cmake_args' from command line to 'None'
[0.703s] Level 5:colcon.colcon_core.verb:set package 'robot_app' build argument 'cmake_target' from command line to 'None'
[0.703s] Level 5:colcon.colcon_core.verb:set package 'robot_app' build argument 'cmake_target_skip_unavailable' from command line to 'False'
[0.703s] Level 5:colcon.colcon_core.verb:set package 'robot_app' build argument 'cmake_clean_cache' from command line to 'False'
[0.703s] Level 5:colcon.colcon_core.verb:set package 'robot_app' build argument 'cmake_clean_first' from command line to 'False'
[0.703s] Level 5:colcon.colcon_core.verb:set package 'robot_app' build argument 'cmake_force_configure' from command line to 'False'
[0.703s] Level 5:colcon.colcon_core.verb:set package 'robot_app' build argument 'ament_cmake_args' from command line to 'None'
[0.703s] Level 5:colcon.colcon_core.verb:set package 'robot_app' build argument 'catkin_cmake_args' from command line to 'None'
[0.703s] Level 5:colcon.colcon_core.verb:set package 'robot_app' build argument 'catkin_skip_building_tests' from command line to 'False'
[0.703s] DEBUG:colcon.colcon_core.verb:Building package 'robot_app' with the following arguments: {'ament_cmake_args': None, 'build_base': '/home/fef2/ROS/ex01/build/robot_app', 'catkin_cmake_args': None, 'catkin_skip_building_tests': False, 'cmake_args': None, 'cmake_clean_cache': False, 'cmake_clean_first': False, 'cmake_force_configure': False, 'cmake_target': None, 'cmake_target_skip_unavailable': False, 'install_base': '/home/fef2/ROS/ex01/install/robot_app', 'merge_install': False, 'path': '/home/fef2/ROS/ex01/robot_app', 'symlink_install': False, 'test_result_base': None}
[0.704s] Level 5:colcon.colcon_core.verb:set package 'robot_bringup' build argument 'cmake_args' from command line to 'None'
[0.704s] Level 5:colcon.colcon_core.verb:set package 'robot_bringup' build argument 'cmake_target' from command line to 'None'
[0.704s] Level 5:colcon.colcon_core.verb:set package 'robot_bringup' build argument 'cmake_target_skip_unavailable' from command line to 'False'
[0.704s] Level 5:colcon.colcon_core.verb:set package 'robot_bringup' build argument 'cmake_clean_cache' from command line to 'False'
[0.704s] Level 5:colcon.colcon_core.verb:set package 'robot_bringup' build argument 'cmake_clean_first' from command line to 'False'
[0.704s] Level 5:colcon.colcon_core.verb:set package 'robot_bringup' build argument 'cmake_force_configure' from command line to 'False'
[0.704s] Level 5:colcon.colcon_core.verb:set package 'robot_bringup' build argument 'ament_cmake_args' from command line to 'None'
[0.704s] Level 5:colcon.colcon_core.verb:set package 'robot_bringup' build argument 'catkin_cmake_args' from command line to 'None'
[0.704s] Level 5:colcon.colcon_core.verb:set package 'robot_bringup' build argument 'catkin_skip_building_tests' from command line to 'False'
[0.704s] DEBUG:colcon.colcon_core.verb:Building package 'robot_bringup' with the following arguments: {'ament_cmake_args': None, 'build_base': '/home/fef2/ROS/ex01/build/robot_bringup', 'catkin_cmake_args': None, 'catkin_skip_building_tests': False, 'cmake_args': None, 'cmake_clean_cache': False, 'cmake_clean_first': False, 'cmake_force_configure': False, 'cmake_target': None, 'cmake_target_skip_unavailable': False, 'install_base': '/home/fef2/ROS/ex01/install/robot_bringup', 'merge_install': False, 'path': '/home/fef2/ROS/ex01/robot_bringup', 'symlink_install': False, 'test_result_base': None}
[0.704s] Level 5:colcon.colcon_core.verb:set package 'robot_description' build argument 'cmake_args' from command line to 'None'
[0.704s] Level 5:colcon.colcon_core.verb:set package 'robot_description' build argument 'cmake_target' from command line to 'None'
[0.704s] Level 5:colcon.colcon_core.verb:set package 'robot_description' build argument 'cmake_target_skip_unavailable' from command line to 'False'
[0.704s] Level 5:colcon.colcon_core.verb:set package 'robot_description' build argument 'cmake_clean_cache' from command line to 'False'
[0.704s] Level 5:colcon.colcon_core.verb:set package 'robot_description' build argument 'cmake_clean_first' from command line to 'False'
[0.704s] Level 5:colcon.colcon_core.verb:set package 'robot_description' build argument 'cmake_force_configure' from command line to 'False'
[0.704s] Level 5:colcon.colcon_core.verb:set package 'robot_description' build argument 'ament_cmake_args' from command line to 'None'
[0.704s] Level 5:colcon.colcon_core.verb:set package 'robot_description' build argument 'catkin_cmake_args' from command line to 'None'
[0.704s] Level 5:colcon.colcon_core.verb:set package 'robot_description' build argument 'catkin_skip_building_tests' from command line to 'False'
[0.705s] DEBUG:colcon.colcon_core.verb:Building package 'robot_description' with the following arguments: {'ament_cmake_args': None, 'build_base': '/home/fef2/ROS/ex01/build/robot_description', 'catkin_cmake_args': None, 'catkin_skip_building_tests': False, 'cmake_args': None, 'cmake_clean_cache': False, 'cmake_clean_first': False, 'cmake_force_configure': False, 'cmake_target': None, 'cmake_target_skip_unavailable': False, 'install_base': '/home/fef2/ROS/ex01/install/robot_description', 'merge_install': False, 'path': '/home/fef2/ROS/ex01/robot_description', 'symlink_install': False, 'test_result_base': None}
[0.705s] INFO:colcon.colcon_core.executor:Executing jobs using 'parallel' executor
[0.707s] DEBUG:colcon.colcon_parallel_executor.executor.parallel:run_until_complete
[0.707s] INFO:colcon.colcon_ros.task.ament_cmake.build:Building ROS package in '/home/fef2/ROS/ex01/robot_app' with build type 'ament_cmake'
[0.707s] INFO:colcon.colcon_cmake.task.cmake.build:Building CMake package in '/home/fef2/ROS/ex01/robot_app'
[0.713s] INFO:colcon.colcon_core.plugin_system:Skipping extension 'colcon_core.shell.bat': Not used on non-Windows systems
[0.713s] INFO:colcon.colcon_core.shell:Skip shell extension 'powershell' for command environment: Not usable outside of PowerShell
[0.713s] DEBUG:colcon.colcon_core.shell:Skip shell extension 'dsv' for command environment
[0.719s] INFO:colcon.colcon_ros.task.ament_cmake.build:Building ROS package in '/home/fef2/ROS/ex01/robot_bringup' with build type 'ament_cmake'
[0.719s] INFO:colcon.colcon_cmake.task.cmake.build:Building CMake package in '/home/fef2/ROS/ex01/robot_bringup'
[0.720s] INFO:colcon.colcon_core.shell:Skip shell extension 'powershell' for command environment: Not usable outside of PowerShell
[0.720s] DEBUG:colcon.colcon_core.shell:Skip shell extension 'dsv' for command environment
[0.725s] INFO:colcon.colcon_ros.task.ament_cmake.build:Building ROS package in '/home/fef2/ROS/ex01/robot_description' with build type 'ament_cmake'
[0.725s] INFO:colcon.colcon_cmake.task.cmake.build:Building CMake package in '/home/fef2/ROS/ex01/robot_description'
[0.726s] INFO:colcon.colcon_core.shell:Skip shell extension 'powershell' for command environment: Not usable outside of PowerShell
[0.726s] DEBUG:colcon.colcon_core.shell:Skip shell extension 'dsv' for command environment
[0.738s] DEBUG:colcon.colcon_core.event_handler.log_command:Invoking command in '/home/fef2/ROS/ex01/build/robot_app': CMAKE_PREFIX_PATH=${CMAKE_PREFIX_PATH}:/opt/ros/humble /usr/bin/cmake --build /home/fef2/ROS/ex01/build/robot_app -- -j12 -l12
[0.746s] DEBUG:colcon.colcon_core.event_handler.log_command:Invoking command in '/home/fef2/ROS/ex01/build/robot_bringup': CMAKE_PREFIX_PATH=${CMAKE_PREFIX_PATH}:/opt/ros/humble /usr/bin/cmake --build /home/fef2/ROS/ex01/build/robot_bringup -- -j12 -l12
[0.752s] DEBUG:colcon.colcon_core.event_handler.log_command:Invoking command in '/home/fef2/ROS/ex01/build/robot_description': CMAKE_PREFIX_PATH=${CMAKE_PREFIX_PATH}:/opt/ros/humble /usr/bin/cmake --build /home/fef2/ROS/ex01/build/robot_description -- -j12 -l12
[0.842s] DEBUG:colcon.colcon_core.event_handler.log_command:Invoked command in '/home/fef2/ROS/ex01/build/robot_app' returned '0': CMAKE_PREFIX_PATH=${CMAKE_PREFIX_PATH}:/opt/ros/humble /usr/bin/cmake --build /home/fef2/ROS/ex01/build/robot_app -- -j12 -l12
[0.844s] DEBUG:colcon.colcon_core.event_handler.log_command:Invoked command in '/home/fef2/ROS/ex01/build/robot_bringup' returned '0': CMAKE_PREFIX_PATH=${CMAKE_PREFIX_PATH}:/opt/ros/humble /usr/bin/cmake --build /home/fef2/ROS/ex01/build/robot_bringup -- -j12 -l12
[0.847s] DEBUG:colcon.colcon_core.event_handler.log_command:Invoked command in '/home/fef2/ROS/ex01/build/robot_description' returned '0': CMAKE_PREFIX_PATH=${CMAKE_PREFIX_PATH}:/opt/ros/humble /usr/bin/cmake --build /home/fef2/ROS/ex01/build/robot_description -- -j12 -l12
[0.894s] DEBUG:colcon.colcon_core.event_handler.log_command:Invoking command in '/home/fef2/ROS/ex01/build/robot_app': CMAKE_PREFIX_PATH=${CMAKE_PREFIX_PATH}:/opt/ros/humble /usr/bin/cmake --install /home/fef2/ROS/ex01/build/robot_app
[0.897s] DEBUG:colcon.colcon_core.event_handler.log_command:Invoking command in '/home/fef2/ROS/ex01/build/robot_bringup': CMAKE_PREFIX_PATH=${CMAKE_PREFIX_PATH}:/opt/ros/humble /usr/bin/cmake --install /home/fef2/ROS/ex01/build/robot_bringup
[0.900s] DEBUG:colcon.colcon_core.event_handler.log_command:Invoking command in '/home/fef2/ROS/ex01/build/robot_description': CMAKE_PREFIX_PATH=${CMAKE_PREFIX_PATH}:/opt/ros/humble /usr/bin/cmake --install /home/fef2/ROS/ex01/build/robot_description
[0.929s] Level 1:colcon.colcon_core.environment:create_environment_scripts_only(robot_app)
[0.929s] DEBUG:colcon.colcon_core.event_handler.log_command:Invoked command in '/home/fef2/ROS/ex01/build/robot_app' returned '0': CMAKE_PREFIX_PATH=${CMAKE_PREFIX_PATH}:/opt/ros/humble /usr/bin/cmake --install /home/fef2/ROS/ex01/build/robot_app
[0.938s] Level 1:colcon.colcon_core.environment:checking '/home/fef2/ROS/ex01/install/robot_app' for CMake module files
[0.939s] Level 1:colcon.colcon_core.environment:checking '/home/fef2/ROS/ex01/install/robot_app' for CMake config files
[0.939s] Level 1:colcon.colcon_core.shell:create_environment_hook('robot_app', 'cmake_prefix_path')
[0.939s] INFO:colcon.colcon_core.shell:Creating environment hook '/home/fef2/ROS/ex01/install/robot_app/share/robot_app/hook/cmake_prefix_path.ps1'
[0.941s] INFO:colcon.colcon_core.shell:Creating environment descriptor '/home/fef2/ROS/ex01/install/robot_app/share/robot_app/hook/cmake_prefix_path.dsv'
[0.942s] INFO:colcon.colcon_core.shell:Creating environment hook '/home/fef2/ROS/ex01/install/robot_app/share/robot_app/hook/cmake_prefix_path.sh'
[0.943s] Level 1:colcon.colcon_core.environment:checking '/home/fef2/ROS/ex01/install/robot_app/bin'
[0.943s] Level 1:colcon.colcon_core.environment:checking '/home/fef2/ROS/ex01/install/robot_app/lib/pkgconfig/robot_app.pc'
[0.944s] Level 1:colcon.colcon_core.environment:checking '/home/fef2/ROS/ex01/install/robot_app/lib/python3.10/site-packages'
[0.944s] Level 1:colcon.colcon_core.environment:checking '/home/fef2/ROS/ex01/install/robot_app/bin'
[0.944s] INFO:colcon.colcon_core.shell:Creating package script '/home/fef2/ROS/ex01/install/robot_app/share/robot_app/package.ps1'
[0.946s] INFO:colcon.colcon_core.shell:Creating package descriptor '/home/fef2/ROS/ex01/install/robot_app/share/robot_app/package.dsv'
[0.947s] INFO:colcon.colcon_core.shell:Creating package script '/home/fef2/ROS/ex01/install/robot_app/share/robot_app/package.sh'
[0.948s] INFO:colcon.colcon_core.shell:Creating package script '/home/fef2/ROS/ex01/install/robot_app/share/robot_app/package.bash'
[0.949s] INFO:colcon.colcon_core.shell:Creating package script '/home/fef2/ROS/ex01/install/robot_app/share/robot_app/package.zsh'
[0.950s] Level 1:colcon.colcon_core.environment:create_file_with_runtime_dependencies(/home/fef2/ROS/ex01/install/robot_app/share/colcon-core/packages/robot_app)
[0.952s] Level 1:colcon.colcon_core.environment:create_environment_scripts_only(robot_bringup)
[0.952s] Level 1:colcon.colcon_core.environment:checking '/home/fef2/ROS/ex01/install/robot_bringup' for CMake module files
[0.953s] DEBUG:colcon.colcon_core.event_handler.log_command:Invoked command in '/home/fef2/ROS/ex01/build/robot_bringup' returned '0': CMAKE_PREFIX_PATH=${CMAKE_PREFIX_PATH}:/opt/ros/humble /usr/bin/cmake --install /home/fef2/ROS/ex01/build/robot_bringup
[0.953s] Level 1:colcon.colcon_core.environment:checking '/home/fef2/ROS/ex01/install/robot_bringup' for CMake config files
[0.954s] Level 1:colcon.colcon_core.shell:create_environment_hook('robot_bringup', 'cmake_prefix_path')
[0.954s] INFO:colcon.colcon_core.shell:Creating environment hook '/home/fef2/ROS/ex01/install/robot_bringup/share/robot_bringup/hook/cmake_prefix_path.ps1'
[0.955s] INFO:colcon.colcon_core.shell:Creating environment descriptor '/home/fef2/ROS/ex01/install/robot_bringup/share/robot_bringup/hook/cmake_prefix_path.dsv'
[0.955s] INFO:colcon.colcon_core.shell:Creating environment hook '/home/fef2/ROS/ex01/install/robot_bringup/share/robot_bringup/hook/cmake_prefix_path.sh'
[0.956s] Level 1:colcon.colcon_core.environment:checking '/home/fef2/ROS/ex01/install/robot_bringup/bin'
[0.956s] Level 1:colcon.colcon_core.environment:checking '/home/fef2/ROS/ex01/install/robot_bringup/lib/pkgconfig/robot_bringup.pc'
[0.956s] Level 1:colcon.colcon_core.environment:checking '/home/fef2/ROS/ex01/install/robot_bringup/lib/python3.10/site-packages'
[0.957s] Level 1:colcon.colcon_core.environment:checking '/home/fef2/ROS/ex01/install/robot_bringup/bin'
[0.957s] INFO:colcon.colcon_core.shell:Creating package script '/home/fef2/ROS/ex01/install/robot_bringup/share/robot_bringup/package.ps1'
[0.958s] INFO:colcon.colcon_core.shell:Creating package descriptor '/home/fef2/ROS/ex01/install/robot_bringup/share/robot_bringup/package.dsv'
[0.958s] INFO:colcon.colcon_core.shell:Creating package script '/home/fef2/ROS/ex01/install/robot_bringup/share/robot_bringup/package.sh'
[0.959s] INFO:colcon.colcon_core.shell:Creating package script '/home/fef2/ROS/ex01/install/robot_bringup/share/robot_bringup/package.bash'
[0.959s] INFO:colcon.colcon_core.shell:Creating package script '/home/fef2/ROS/ex01/install/robot_bringup/share/robot_bringup/package.zsh'
[0.959s] Level 1:colcon.colcon_core.environment:create_file_with_runtime_dependencies(/home/fef2/ROS/ex01/install/robot_bringup/share/colcon-core/packages/robot_bringup)
[0.961s] Level 1:colcon.colcon_core.environment:create_environment_scripts_only(robot_description)
[0.961s] Level 1:colcon.colcon_core.environment:checking '/home/fef2/ROS/ex01/install/robot_description' for CMake module files
[0.963s] DEBUG:colcon.colcon_core.event_handler.log_command:Invoked command in '/home/fef2/ROS/ex01/build/robot_description' returned '0': CMAKE_PREFIX_PATH=${CMAKE_PREFIX_PATH}:/opt/ros/humble /usr/bin/cmake --install /home/fef2/ROS/ex01/build/robot_description
[0.963s] Level 1:colcon.colcon_core.environment:checking '/home/fef2/ROS/ex01/install/robot_description' for CMake config files
[0.964s] Level 1:colcon.colcon_core.shell:create_environment_hook('robot_description', 'cmake_prefix_path')
[0.964s] INFO:colcon.colcon_core.shell:Creating environment hook '/home/fef2/ROS/ex01/install/robot_description/share/robot_description/hook/cmake_prefix_path.ps1'
[0.965s] INFO:colcon.colcon_core.shell:Creating environment descriptor '/home/fef2/ROS/ex01/install/robot_description/share/robot_description/hook/cmake_prefix_path.dsv'
[0.965s] INFO:colcon.colcon_core.shell:Creating environment hook '/home/fef2/ROS/ex01/install/robot_description/share/robot_description/hook/cmake_prefix_path.sh'
[0.966s] Level 1:colcon.colcon_core.environment:checking '/home/fef2/ROS/ex01/install/robot_description/bin'
[0.966s] Level 1:colcon.colcon_core.environment:checking '/home/fef2/ROS/ex01/install/robot_description/lib/pkgconfig/robot_description.pc'
[0.966s] Level 1:colcon.colcon_core.environment:checking '/home/fef2/ROS/ex01/install/robot_description/lib/python3.10/site-packages'
[0.966s] Level 1:colcon.colcon_core.environment:checking '/home/fef2/ROS/ex01/install/robot_description/bin'
[0.967s] INFO:colcon.colcon_core.shell:Creating package script '/home/fef2/ROS/ex01/install/robot_description/share/robot_description/package.ps1'
[0.967s] INFO:colcon.colcon_core.shell:Creating package descriptor '/home/fef2/ROS/ex01/install/robot_description/share/robot_description/package.dsv'
[0.968s] INFO:colcon.colcon_core.shell:Creating package script '/home/fef2/ROS/ex01/install/robot_description/share/robot_description/package.sh'
[0.969s] INFO:colcon.colcon_core.shell:Creating package script '/home/fef2/ROS/ex01/install/robot_description/share/robot_description/package.bash'
[0.969s] INFO:colcon.colcon_core.shell:Creating package script '/home/fef2/ROS/ex01/install/robot_description/share/robot_description/package.zsh'
[0.969s] Level 1:colcon.colcon_core.environment:create_file_with_runtime_dependencies(/home/fef2/ROS/ex01/install/robot_description/share/colcon-core/packages/robot_description)
[0.988s] Level 1:colcon.colcon_core.environment:create_environment_scripts_only(robot_app)
[0.989s] Level 1:colcon.colcon_core.environment:checking '/home/fef2/ROS/ex01/install/robot_app' for CMake module files
[0.989s] Level 1:colcon.colcon_core.environment:checking '/home/fef2/ROS/ex01/install/robot_app' for CMake config files
[0.990s] Level 1:colcon.colcon_core.shell:create_environment_hook('robot_app', 'cmake_prefix_path')
[0.990s] INFO:colcon.colcon_core.shell:Creating environment hook '/home/fef2/ROS/ex01/install/robot_app/share/robot_app/hook/cmake_prefix_path.ps1'
[0.991s] INFO:colcon.colcon_core.shell:Creating environment descriptor '/home/fef2/ROS/ex01/install/robot_app/share/robot_app/hook/cmake_prefix_path.dsv'
[0.991s] INFO:colcon.colcon_core.shell:Creating environment hook '/home/fef2/ROS/ex01/install/robot_app/share/robot_app/hook/cmake_prefix_path.sh'
[0.992s] Level 1:colcon.colcon_core.environment:checking '/home/fef2/ROS/ex01/install/robot_app/bin'
[0.992s] Level 1:colcon.colcon_core.environment:checking '/home/fef2/ROS/ex01/install/robot_app/lib/pkgconfig/robot_app.pc'
[0.992s] Level 1:colcon.colcon_core.environment:checking '/home/fef2/ROS/ex01/install/robot_app/lib/python3.10/site-packages'
[0.993s] Level 1:colcon.colcon_core.environment:checking '/home/fef2/ROS/ex01/install/robot_app/bin'
[0.993s] INFO:colcon.colcon_core.shell:Creating package script '/home/fef2/ROS/ex01/install/robot_app/share/robot_app/package.ps1'
[0.994s] INFO:colcon.colcon_core.shell:Creating package descriptor '/home/fef2/ROS/ex01/install/robot_app/share/robot_app/package.dsv'
[0.995s] INFO:colcon.colcon_core.shell:Creating package script '/home/fef2/ROS/ex01/install/robot_app/share/robot_app/package.sh'
[0.995s] INFO:colcon.colcon_core.shell:Creating package script '/home/fef2/ROS/ex01/install/robot_app/share/robot_app/package.bash'
[0.996s] INFO:colcon.colcon_core.shell:Creating package script '/home/fef2/ROS/ex01/install/robot_app/share/robot_app/package.zsh'
[0.996s] Level 1:colcon.colcon_core.environment:create_file_with_runtime_dependencies(/home/fef2/ROS/ex01/install/robot_app/share/colcon-core/packages/robot_app)
[1.001s] Level 1:colcon.colcon_core.environment:create_environment_scripts_only(robot_bringup)
[1.002s] Level 1:colcon.colcon_core.environment:checking '/home/fef2/ROS/ex01/install/robot_bringup' for CMake module files
[1.002s] Level 1:colcon.colcon_core.environment:checking '/home/fef2/ROS/ex01/install/robot_bringup' for CMake config files
[1.003s] Level 1:colcon.colcon_core.shell:create_environment_hook('robot_bringup', 'cmake_prefix_path')
[1.003s] INFO:colcon.colcon_core.shell:Creating environment hook '/home/fef2/ROS/ex01/install/robot_bringup/share/robot_bringup/hook/cmake_prefix_path.ps1'
[1.004s] INFO:colcon.colcon_core.shell:Creating environment descriptor '/home/fef2/ROS/ex01/install/robot_bringup/share/robot_bringup/hook/cmake_prefix_path.dsv'
[1.004s] INFO:colcon.colcon_core.shell:Creating environment hook '/home/fef2/ROS/ex01/install/robot_bringup/share/robot_bringup/hook/cmake_prefix_path.sh'
[1.005s] Level 1:colcon.colcon_core.environment:checking '/home/fef2/ROS/ex01/install/robot_bringup/bin'
[1.005s] Level 1:colcon.colcon_core.environment:checking '/home/fef2/ROS/ex01/install/robot_bringup/lib/pkgconfig/robot_bringup.pc'
[1.005s] Level 1:colcon.colcon_core.environment:checking '/home/fef2/ROS/ex01/install/robot_bringup/lib/python3.10/site-packages'
[1.005s] Level 1:colcon.colcon_core.environment:checking '/home/fef2/ROS/ex01/install/robot_bringup/bin'
[1.006s] INFO:colcon.colcon_core.shell:Creating package script '/home/fef2/ROS/ex01/install/robot_bringup/share/robot_bringup/package.ps1'
[1.007s] INFO:colcon.colcon_core.shell:Creating package descriptor '/home/fef2/ROS/ex01/install/robot_bringup/share/robot_bringup/package.dsv'
[1.008s] INFO:colcon.colcon_core.shell:Creating package script '/home/fef2/ROS/ex01/install/robot_bringup/share/robot_bringup/package.sh'
[1.008s] INFO:colcon.colcon_core.shell:Creating package script '/home/fef2/ROS/ex01/install/robot_bringup/share/robot_bringup/package.bash'
[1.009s] INFO:colcon.colcon_core.shell:Creating package script '/home/fef2/ROS/ex01/install/robot_bringup/share/robot_bringup/package.zsh'
[1.010s] Level 1:colcon.colcon_core.environment:create_file_with_runtime_dependencies(/home/fef2/ROS/ex01/install/robot_bringup/share/colcon-core/packages/robot_bringup)
[1.011s] Level 1:colcon.colcon_core.environment:create_environment_scripts_only(robot_description)
[1.012s] Level 1:colcon.colcon_core.environment:checking '/home/fef2/ROS/ex01/install/robot_description' for CMake module files
[1.013s] Level 1:colcon.colcon_core.environment:checking '/home/fef2/ROS/ex01/install/robot_description' for CMake config files
[1.013s] Level 1:colcon.colcon_core.shell:create_environment_hook('robot_description', 'cmake_prefix_path')
[1.014s] INFO:colcon.colcon_core.shell:Creating environment hook '/home/fef2/ROS/ex01/install/robot_description/share/robot_description/hook/cmake_prefix_path.ps1'
[1.014s] INFO:colcon.colcon_core.shell:Creating environment descriptor '/home/fef2/ROS/ex01/install/robot_description/share/robot_description/hook/cmake_prefix_path.dsv'
[1.015s] INFO:colcon.colcon_core.shell:Creating environment hook '/home/fef2/ROS/ex01/install/robot_description/share/robot_description/hook/cmake_prefix_path.sh'
[1.016s] Level 1:colcon.colcon_core.environment:checking '/home/fef2/ROS/ex01/install/robot_description/bin'
[1.016s] Level 1:colcon.colcon_core.environment:checking '/home/fef2/ROS/ex01/install/robot_description/lib/pkgconfig/robot_description.pc'
[1.016s] Level 1:colcon.colcon_core.environment:checking '/home/fef2/ROS/ex01/install/robot_description/lib/python3.10/site-packages'
[1.016s] Level 1:colcon.colcon_core.environment:checking '/home/fef2/ROS/ex01/install/robot_description/bin'
[1.017s] INFO:colcon.colcon_core.shell:Creating package script '/home/fef2/ROS/ex01/install/robot_description/share/robot_description/package.ps1'
[1.017s] INFO:colcon.colcon_core.shell:Creating package descriptor '/home/fef2/ROS/ex01/install/robot_description/share/robot_description/package.dsv'
[1.018s] INFO:colcon.colcon_core.shell:Creating package script '/home/fef2/ROS/ex01/install/robot_description/share/robot_description/package.sh'
[1.019s] INFO:colcon.colcon_core.shell:Creating package script '/home/fef2/ROS/ex01/install/robot_description/share/robot_description/package.bash'
[1.019s] INFO:colcon.colcon_core.shell:Creating package script '/home/fef2/ROS/ex01/install/robot_description/share/robot_description/package.zsh'
[1.020s] Level 1:colcon.colcon_core.environment:create_file_with_runtime_dependencies(/home/fef2/ROS/ex01/install/robot_description/share/colcon-core/packages/robot_description)
[1.020s] DEBUG:colcon.colcon_parallel_executor.executor.parallel:closing loop
[1.020s] DEBUG:colcon.colcon_parallel_executor.executor.parallel:loop closed
[1.021s] DEBUG:colcon.colcon_parallel_executor.executor.parallel:run_until_complete finished with '0'
[1.021s] DEBUG:colcon.colcon_core.event_reactor:joining thread
[1.029s] INFO:colcon.colcon_core.plugin_system:Skipping extension 'colcon_notification.desktop_notification.terminal_notifier': Not used on non-Darwin systems
[1.030s] INFO:colcon.colcon_core.plugin_system:Skipping extension 'colcon_notification.desktop_notification.win32': Not used on non-Windows systems
[1.030s] INFO:colcon.colcon_notification.desktop_notification:Sending desktop notification using 'notify2'
[1.067s] DEBUG:colcon.colcon_core.event_reactor:joined thread
[1.068s] INFO:colcon.colcon_core.shell:Creating prefix script '/home/fef2/ROS/ex01/install/local_setup.ps1'
[1.070s] INFO:colcon.colcon_core.shell:Creating prefix util module '/home/fef2/ROS/ex01/install/_local_setup_util_ps1.py'
[1.072s] INFO:colcon.colcon_core.shell:Creating prefix chain script '/home/fef2/ROS/ex01/install/setup.ps1'
[1.074s] INFO:colcon.colcon_core.shell:Creating prefix script '/home/fef2/ROS/ex01/install/local_setup.sh'
[1.075s] INFO:colcon.colcon_core.shell:Creating prefix util module '/home/fef2/ROS/ex01/install/_local_setup_util_sh.py'
[1.075s] INFO:colcon.colcon_core.shell:Creating prefix chain script '/home/fef2/ROS/ex01/install/setup.sh'
[1.077s] INFO:colcon.colcon_core.shell:Creating prefix script '/home/fef2/ROS/ex01/install/local_setup.bash'
[1.078s] INFO:colcon.colcon_core.shell:Creating prefix chain script '/home/fef2/ROS/ex01/install/setup.bash'
[1.080s] INFO:colcon.colcon_core.shell:Creating prefix script '/home/fef2/ROS/ex01/install/local_setup.zsh'
[1.080s] INFO:colcon.colcon_core.shell:Creating prefix chain script '/home/fef2/ROS/ex01/install/setup.zsh'
