[0.145s] DEBUG:colcon:Command line arguments: ['/usr/bin/colcon', 'build']
[0.145s] DEBUG:colcon:Parsed command line arguments: Namespace(log_base=None, log_level=None, verb_name='build', build_base='build', install_base='install', merge_install=False, symlink_install=False, test_result_base=None, continue_on_error=False, executor='parallel', parallel_workers=12, event_handlers=None, ignore_user_meta=False, metas=['./colcon.meta'], base_paths=['.'], packages_ignore=None, packages_ignore_regex=None, paths=None, packages_up_to=None, packages_up_to_regex=None, packages_above=None, packages_above_and_dependencies=None, packages_above_depth=None, packages_select_by_dep=None, packages_skip_by_dep=None, packages_skip_up_to=None, packages_select_build_failed=False, packages_skip_build_finished=False, packages_select_test_failures=False, packages_skip_test_passed=False, packages_select=None, packages_skip=None, packages_select_regex=None, packages_skip_regex=None, packages_start=None, packages_end=None, allow_overriding=[], cmake_args=None, cmake_target=None, cmake_target_skip_unavailable=False, cmake_clean_cache=False, cmake_clean_first=False, cmake_force_configure=False, ament_cmake_args=None, catkin_cmake_args=None, catkin_skip_building_tests=False, mixin_files=None, mixin=None, verb_parser=<colcon_mixin.mixin.mixin_argument.MixinArgumentDecorator object at 0x74db9273b0d0>, verb_extension=<colcon_core.verb.build.BuildVerb object at 0x74db92836fe0>, main=<bound method BuildVerb.main of <colcon_core.verb.build.BuildVerb object at 0x74db92836fe0>>, mixin_verb=('build',))
[0.377s] Level 1:colcon.colcon_core.package_discovery:discover_packages(colcon_meta) check parameters
[0.378s] Level 1:colcon.colcon_core.package_discovery:discover_packages(recursive) check parameters
[0.378s] Level 1:colcon.colcon_core.package_discovery:discover_packages(ignore) check parameters
[0.378s] Level 1:colcon.colcon_core.package_discovery:discover_packages(path) check parameters
[0.378s] Level 1:colcon.colcon_core.package_discovery:discover_packages(colcon_meta) discover
[0.378s] Level 1:colcon.colcon_core.package_discovery:discover_packages(recursive) discover
[0.378s] INFO:colcon.colcon_core.package_discovery:Crawling recursively for packages in '/home/fef2/ROS/ex01'
[0.378s] Level 1:colcon.colcon_core.package_identification:_identify(.) by extensions ['ignore', 'ignore_ament_install']
[0.378s] Level 1:colcon.colcon_core.package_identification:_identify(.) by extension 'ignore'
[0.378s] Level 1:colcon.colcon_core.package_identification:_identify(.) by extension 'ignore_ament_install'
[0.378s] Level 1:colcon.colcon_core.package_identification:_identify(.) by extensions ['colcon_pkg']
[0.378s] Level 1:colcon.colcon_core.package_identification:_identify(.) by extension 'colcon_pkg'
[0.378s] Level 1:colcon.colcon_core.package_identification:_identify(.) by extensions ['colcon_meta']
[0.378s] Level 1:colcon.colcon_core.package_identification:_identify(.) by extension 'colcon_meta'
[0.379s] Level 1:colcon.colcon_core.package_identification:_identify(.) by extensions ['ros']
[0.379s] Level 1:colcon.colcon_core.package_identification:_identify(.) by extension 'ros'
[0.393s] Level 1:colcon.colcon_core.package_identification:_identify(.) by extensions ['cmake', 'python']
[0.393s] Level 1:colcon.colcon_core.package_identification:_identify(.) by extension 'cmake'
[0.393s] Level 1:colcon.colcon_core.package_identification:_identify(.) by extension 'python'
[0.393s] Level 1:colcon.colcon_core.package_identification:_identify(.) by extensions ['python_setup_py']
[0.393s] Level 1:colcon.colcon_core.package_identification:_identify(.) by extension 'python_setup_py'
[0.393s] Level 1:colcon.colcon_core.package_identification:_identify(build) by extensions ['ignore', 'ignore_ament_install']
[0.393s] Level 1:colcon.colcon_core.package_identification:_identify(build) by extension 'ignore'
[0.394s] Level 1:colcon.colcon_core.package_identification:_identify(build) ignored
[0.394s] Level 1:colcon.colcon_core.package_identification:_identify(install) by extensions ['ignore', 'ignore_ament_install']
[0.394s] Level 1:colcon.colcon_core.package_identification:_identify(install) by extension 'ignore'
[0.394s] Level 1:colcon.colcon_core.package_identification:_identify(install) ignored
[0.394s] Level 1:colcon.colcon_core.package_identification:_identify(log) by extensions ['ignore', 'ignore_ament_install']
[0.394s] Level 1:colcon.colcon_core.package_identification:_identify(log) by extension 'ignore'
[0.394s] Level 1:colcon.colcon_core.package_identification:_identify(log) ignored
[0.394s] Level 1:colcon.colcon_core.package_identification:_identify(robot_app) by extensions ['ignore', 'ignore_ament_install']
[0.394s] Level 1:colcon.colcon_core.package_identification:_identify(robot_app) by extension 'ignore'
[0.394s] Level 1:colcon.colcon_core.package_identification:_identify(robot_app) by extension 'ignore_ament_install'
[0.394s] Level 1:colcon.colcon_core.package_identification:_identify(robot_app) by extensions ['colcon_pkg']
[0.395s] Level 1:colcon.colcon_core.package_identification:_identify(robot_app) by extension 'colcon_pkg'
[0.395s] Level 1:colcon.colcon_core.package_identification:_identify(robot_app) by extensions ['colcon_meta']
[0.395s] Level 1:colcon.colcon_core.package_identification:_identify(robot_app) by extension 'colcon_meta'
[0.395s] Level 1:colcon.colcon_core.package_identification:_identify(robot_app) by extensions ['ros']
[0.395s] Level 1:colcon.colcon_core.package_identification:_identify(robot_app) by extension 'ros'
[0.404s] DEBUG:colcon.colcon_core.package_identification:Package 'robot_app' with type 'ros.ament_cmake' and name 'robot_app'
[0.404s] Level 1:colcon.colcon_core.package_identification:_identify(robot_bringup) by extensions ['ignore', 'ignore_ament_install']
[0.404s] Level 1:colcon.colcon_core.package_identification:_identify(robot_bringup) by extension 'ignore'
[0.404s] Level 1:colcon.colcon_core.package_identification:_identify(robot_bringup) by extension 'ignore_ament_install'
[0.404s] Level 1:colcon.colcon_core.package_identification:_identify(robot_bringup) by extensions ['colcon_pkg']
[0.404s] Level 1:colcon.colcon_core.package_identification:_identify(robot_bringup) by extension 'colcon_pkg'
[0.404s] Level 1:colcon.colcon_core.package_identification:_identify(robot_bringup) by extensions ['colcon_meta']
[0.404s] Level 1:colcon.colcon_core.package_identification:_identify(robot_bringup) by extension 'colcon_meta'
[0.404s] Level 1:colcon.colcon_core.package_identification:_identify(robot_bringup) by extensions ['ros']
[0.405s] Level 1:colcon.colcon_core.package_identification:_identify(robot_bringup) by extension 'ros'
[0.405s] DEBUG:colcon.colcon_core.package_identification:Package 'robot_bringup' with type 'ros.ament_cmake' and name 'robot_bringup'
[0.405s] Level 1:colcon.colcon_core.package_identification:_identify(robot_description) by extensions ['ignore', 'ignore_ament_install']
[0.406s] Level 1:colcon.colcon_core.package_identification:_identify(robot_description) by extension 'ignore'
[0.406s] Level 1:colcon.colcon_core.package_identification:_identify(robot_description) by extension 'ignore_ament_install'
[0.406s] Level 1:colcon.colcon_core.package_identification:_identify(robot_description) by extensions ['colcon_pkg']
[0.406s] Level 1:colcon.colcon_core.package_identification:_identify(robot_description) by extension 'colcon_pkg'
[0.406s] Level 1:colcon.colcon_core.package_identification:_identify(robot_description) by extensions ['colcon_meta']
[0.406s] Level 1:colcon.colcon_core.package_identification:_identify(robot_description) by extension 'colcon_meta'
[0.406s] Level 1:colcon.colcon_core.package_identification:_identify(robot_description) by extensions ['ros']
[0.406s] Level 1:colcon.colcon_core.package_identification:_identify(robot_description) by extension 'ros'
[0.407s] DEBUG:colcon.colcon_core.package_identification:Package 'robot_description' with type 'ros.ament_cmake' and name 'robot_description'
[0.407s] Level 1:colcon.colcon_core.package_discovery:discover_packages(recursive) using defaults
[0.407s] Level 1:colcon.colcon_core.package_discovery:discover_packages(ignore) discover
[0.407s] Level 1:colcon.colcon_core.package_discovery:discover_packages(ignore) using defaults
[0.407s] Level 1:colcon.colcon_core.package_discovery:discover_packages(path) discover
[0.407s] Level 1:colcon.colcon_core.package_discovery:discover_packages(path) using defaults
[0.447s] Level 1:colcon.colcon_core.package_discovery:discover_packages(prefix_path) check parameters
[0.447s] Level 1:colcon.colcon_core.package_discovery:discover_packages(prefix_path) discover
[0.450s] DEBUG:colcon.colcon_installed_package_information.package_discovery:Found 281 installed packages in /opt/ros/humble
[0.452s] Level 1:colcon.colcon_core.package_discovery:discover_packages(prefix_path) using defaults
[0.502s] Level 5:colcon.colcon_core.verb:set package 'robot_app' build argument 'cmake_args' from command line to 'None'
[0.502s] Level 5:colcon.colcon_core.verb:set package 'robot_app' build argument 'cmake_target' from command line to 'None'
[0.503s] Level 5:colcon.colcon_core.verb:set package 'robot_app' build argument 'cmake_target_skip_unavailable' from command line to 'False'
[0.503s] Level 5:colcon.colcon_core.verb:set package 'robot_app' build argument 'cmake_clean_cache' from command line to 'False'
[0.503s] Level 5:colcon.colcon_core.verb:set package 'robot_app' build argument 'cmake_clean_first' from command line to 'False'
[0.503s] Level 5:colcon.colcon_core.verb:set package 'robot_app' build argument 'cmake_force_configure' from command line to 'False'
[0.503s] Level 5:colcon.colcon_core.verb:set package 'robot_app' build argument 'ament_cmake_args' from command line to 'None'
[0.503s] Level 5:colcon.colcon_core.verb:set package 'robot_app' build argument 'catkin_cmake_args' from command line to 'None'
[0.503s] Level 5:colcon.colcon_core.verb:set package 'robot_app' build argument 'catkin_skip_building_tests' from command line to 'False'
[0.503s] DEBUG:colcon.colcon_core.verb:Building package 'robot_app' with the following arguments: {'ament_cmake_args': None, 'build_base': '/home/fef2/ROS/ex01/build/robot_app', 'catkin_cmake_args': None, 'catkin_skip_building_tests': False, 'cmake_args': None, 'cmake_clean_cache': False, 'cmake_clean_first': False, 'cmake_force_configure': False, 'cmake_target': None, 'cmake_target_skip_unavailable': False, 'install_base': '/home/fef2/ROS/ex01/install/robot_app', 'merge_install': False, 'path': '/home/fef2/ROS/ex01/robot_app', 'symlink_install': False, 'test_result_base': None}
[0.503s] Level 5:colcon.colcon_core.verb:set package 'robot_bringup' build argument 'cmake_args' from command line to 'None'
[0.503s] Level 5:colcon.colcon_core.verb:set package 'robot_bringup' build argument 'cmake_target' from command line to 'None'
[0.503s] Level 5:colcon.colcon_core.verb:set package 'robot_bringup' build argument 'cmake_target_skip_unavailable' from command line to 'False'
[0.503s] Level 5:colcon.colcon_core.verb:set package 'robot_bringup' build argument 'cmake_clean_cache' from command line to 'False'
[0.503s] Level 5:colcon.colcon_core.verb:set package 'robot_bringup' build argument 'cmake_clean_first' from command line to 'False'
[0.503s] Level 5:colcon.colcon_core.verb:set package 'robot_bringup' build argument 'cmake_force_configure' from command line to 'False'
[0.503s] Level 5:colcon.colcon_core.verb:set package 'robot_bringup' build argument 'ament_cmake_args' from command line to 'None'
[0.503s] Level 5:colcon.colcon_core.verb:set package 'robot_bringup' build argument 'catkin_cmake_args' from command line to 'None'
[0.503s] Level 5:colcon.colcon_core.verb:set package 'robot_bringup' build argument 'catkin_skip_building_tests' from command line to 'False'
[0.503s] DEBUG:colcon.colcon_core.verb:Building package 'robot_bringup' with the following arguments: {'ament_cmake_args': None, 'build_base': '/home/fef2/ROS/ex01/build/robot_bringup', 'catkin_cmake_args': None, 'catkin_skip_building_tests': False, 'cmake_args': None, 'cmake_clean_cache': False, 'cmake_clean_first': False, 'cmake_force_configure': False, 'cmake_target': None, 'cmake_target_skip_unavailable': False, 'install_base': '/home/fef2/ROS/ex01/install/robot_bringup', 'merge_install': False, 'path': '/home/fef2/ROS/ex01/robot_bringup', 'symlink_install': False, 'test_result_base': None}
[0.504s] Level 5:colcon.colcon_core.verb:set package 'robot_description' build argument 'cmake_args' from command line to 'None'
[0.504s] Level 5:colcon.colcon_core.verb:set package 'robot_description' build argument 'cmake_target' from command line to 'None'
[0.504s] Level 5:colcon.colcon_core.verb:set package 'robot_description' build argument 'cmake_target_skip_unavailable' from command line to 'False'
[0.504s] Level 5:colcon.colcon_core.verb:set package 'robot_description' build argument 'cmake_clean_cache' from command line to 'False'
[0.504s] Level 5:colcon.colcon_core.verb:set package 'robot_description' build argument 'cmake_clean_first' from command line to 'False'
[0.504s] Level 5:colcon.colcon_core.verb:set package 'robot_description' build argument 'cmake_force_configure' from command line to 'False'
[0.504s] Level 5:colcon.colcon_core.verb:set package 'robot_description' build argument 'ament_cmake_args' from command line to 'None'
[0.504s] Level 5:colcon.colcon_core.verb:set package 'robot_description' build argument 'catkin_cmake_args' from command line to 'None'
[0.504s] Level 5:colcon.colcon_core.verb:set package 'robot_description' build argument 'catkin_skip_building_tests' from command line to 'False'
[0.504s] DEBUG:colcon.colcon_core.verb:Building package 'robot_description' with the following arguments: {'ament_cmake_args': None, 'build_base': '/home/fef2/ROS/ex01/build/robot_description', 'catkin_cmake_args': None, 'catkin_skip_building_tests': False, 'cmake_args': None, 'cmake_clean_cache': False, 'cmake_clean_first': False, 'cmake_force_configure': False, 'cmake_target': None, 'cmake_target_skip_unavailable': False, 'install_base': '/home/fef2/ROS/ex01/install/robot_description', 'merge_install': False, 'path': '/home/fef2/ROS/ex01/robot_description', 'symlink_install': False, 'test_result_base': None}
[0.504s] INFO:colcon.colcon_core.executor:Executing jobs using 'parallel' executor
[0.506s] DEBUG:colcon.colcon_parallel_executor.executor.parallel:run_until_complete
[0.506s] INFO:colcon.colcon_ros.task.ament_cmake.build:Building ROS package in '/home/fef2/ROS/ex01/robot_app' with build type 'ament_cmake'
[0.506s] INFO:colcon.colcon_cmake.task.cmake.build:Building CMake package in '/home/fef2/ROS/ex01/robot_app'
[0.509s] INFO:colcon.colcon_core.plugin_system:Skipping extension 'colcon_core.shell.bat': Not used on non-Windows systems
[0.509s] INFO:colcon.colcon_core.shell:Skip shell extension 'powershell' for command environment: Not usable outside of PowerShell
[0.509s] DEBUG:colcon.colcon_core.shell:Skip shell extension 'dsv' for command environment
[0.514s] INFO:colcon.colcon_ros.task.ament_cmake.build:Building ROS package in '/home/fef2/ROS/ex01/robot_bringup' with build type 'ament_cmake'
[0.514s] INFO:colcon.colcon_cmake.task.cmake.build:Building CMake package in '/home/fef2/ROS/ex01/robot_bringup'
[0.514s] INFO:colcon.colcon_core.shell:Skip shell extension 'powershell' for command environment: Not usable outside of PowerShell
[0.514s] DEBUG:colcon.colcon_core.shell:Skip shell extension 'dsv' for command environment
[0.518s] INFO:colcon.colcon_ros.task.ament_cmake.build:Building ROS package in '/home/fef2/ROS/ex01/robot_description' with build type 'ament_cmake'
[0.518s] INFO:colcon.colcon_cmake.task.cmake.build:Building CMake package in '/home/fef2/ROS/ex01/robot_description'
[0.519s] INFO:colcon.colcon_core.shell:Skip shell extension 'powershell' for command environment: Not usable outside of PowerShell
[0.519s] DEBUG:colcon.colcon_core.shell:Skip shell extension 'dsv' for command environment
[0.530s] DEBUG:colcon.colcon_core.event_handler.log_command:Invoking command in '/home/fef2/ROS/ex01/build/robot_app': CMAKE_PREFIX_PATH=/opt/ros/humble /usr/bin/cmake --build /home/fef2/ROS/ex01/build/robot_app -- -j12 -l12
[0.536s] DEBUG:colcon.colcon_core.event_handler.log_command:Invoking command in '/home/fef2/ROS/ex01/build/robot_bringup': CMAKE_PREFIX_PATH=/opt/ros/humble /usr/bin/cmake --build /home/fef2/ROS/ex01/build/robot_bringup -- -j12 -l12
[0.541s] DEBUG:colcon.colcon_core.event_handler.log_command:Invoking command in '/home/fef2/ROS/ex01/build/robot_description': CMAKE_PREFIX_PATH=/opt/ros/humble /usr/bin/cmake --build /home/fef2/ROS/ex01/build/robot_description -- -j12 -l12
[0.589s] DEBUG:colcon.colcon_core.event_handler.log_command:Invoked command in '/home/fef2/ROS/ex01/build/robot_app' returned '0': CMAKE_PREFIX_PATH=/opt/ros/humble /usr/bin/cmake --build /home/fef2/ROS/ex01/build/robot_app -- -j12 -l12
[0.599s] DEBUG:colcon.colcon_core.event_handler.log_command:Invoked command in '/home/fef2/ROS/ex01/build/robot_bringup' returned '0': CMAKE_PREFIX_PATH=/opt/ros/humble /usr/bin/cmake --build /home/fef2/ROS/ex01/build/robot_bringup -- -j12 -l12
[0.606s] DEBUG:colcon.colcon_core.event_handler.log_command:Invoked command in '/home/fef2/ROS/ex01/build/robot_description' returned '0': CMAKE_PREFIX_PATH=/opt/ros/humble /usr/bin/cmake --build /home/fef2/ROS/ex01/build/robot_description -- -j12 -l12
[0.637s] DEBUG:colcon.colcon_core.event_handler.log_command:Invoking command in '/home/fef2/ROS/ex01/build/robot_app': CMAKE_PREFIX_PATH=/opt/ros/humble /usr/bin/cmake --install /home/fef2/ROS/ex01/build/robot_app
[0.640s] DEBUG:colcon.colcon_core.event_handler.log_command:Invoking command in '/home/fef2/ROS/ex01/build/robot_bringup': CMAKE_PREFIX_PATH=/opt/ros/humble /usr/bin/cmake --install /home/fef2/ROS/ex01/build/robot_bringup
[0.643s] DEBUG:colcon.colcon_core.event_handler.log_command:Invoking command in '/home/fef2/ROS/ex01/build/robot_description': CMAKE_PREFIX_PATH=/opt/ros/humble /usr/bin/cmake --install /home/fef2/ROS/ex01/build/robot_description
[0.657s] Level 1:colcon.colcon_core.environment:create_environment_scripts_only(robot_app)
[0.659s] DEBUG:colcon.colcon_core.event_handler.log_command:Invoked command in '/home/fef2/ROS/ex01/build/robot_app' returned '0': CMAKE_PREFIX_PATH=/opt/ros/humble /usr/bin/cmake --install /home/fef2/ROS/ex01/build/robot_app
[0.662s] Level 1:colcon.colcon_core.environment:checking '/home/fef2/ROS/ex01/install/robot_app' for CMake module files
[0.662s] Level 1:colcon.colcon_core.environment:checking '/home/fef2/ROS/ex01/install/robot_app' for CMake config files
[0.663s] Level 1:colcon.colcon_core.shell:create_environment_hook('robot_app', 'cmake_prefix_path')
[0.663s] INFO:colcon.colcon_core.shell:Creating environment hook '/home/fef2/ROS/ex01/install/robot_app/share/robot_app/hook/cmake_prefix_path.ps1'
[0.664s] INFO:colcon.colcon_core.shell:Creating environment descriptor '/home/fef2/ROS/ex01/install/robot_app/share/robot_app/hook/cmake_prefix_path.dsv'
[0.665s] INFO:colcon.colcon_core.shell:Creating environment hook '/home/fef2/ROS/ex01/install/robot_app/share/robot_app/hook/cmake_prefix_path.sh'
[0.666s] Level 1:colcon.colcon_core.environment:checking '/home/fef2/ROS/ex01/install/robot_app/bin'
[0.666s] Level 1:colcon.colcon_core.environment:checking '/home/fef2/ROS/ex01/install/robot_app/lib/pkgconfig/robot_app.pc'
[0.666s] Level 1:colcon.colcon_core.environment:checking '/home/fef2/ROS/ex01/install/robot_app/lib/python3.10/site-packages'
[0.666s] Level 1:colcon.colcon_core.environment:checking '/home/fef2/ROS/ex01/install/robot_app/bin'
[0.667s] INFO:colcon.colcon_core.shell:Creating package script '/home/fef2/ROS/ex01/install/robot_app/share/robot_app/package.ps1'
[0.668s] INFO:colcon.colcon_core.shell:Creating package descriptor '/home/fef2/ROS/ex01/install/robot_app/share/robot_app/package.dsv'
[0.668s] INFO:colcon.colcon_core.shell:Creating package script '/home/fef2/ROS/ex01/install/robot_app/share/robot_app/package.sh'
[0.669s] INFO:colcon.colcon_core.shell:Creating package script '/home/fef2/ROS/ex01/install/robot_app/share/robot_app/package.bash'
[0.670s] INFO:colcon.colcon_core.shell:Creating package script '/home/fef2/ROS/ex01/install/robot_app/share/robot_app/package.zsh'
[0.671s] Level 1:colcon.colcon_core.environment:create_file_with_runtime_dependencies(/home/fef2/ROS/ex01/install/robot_app/share/colcon-core/packages/robot_app)
[0.674s] Level 1:colcon.colcon_core.environment:create_environment_scripts_only(robot_description)
[0.675s] DEBUG:colcon.colcon_core.event_handler.log_command:Invoked command in '/home/fef2/ROS/ex01/build/robot_description' returned '0': CMAKE_PREFIX_PATH=/opt/ros/humble /usr/bin/cmake --install /home/fef2/ROS/ex01/build/robot_description
[0.675s] Level 1:colcon.colcon_core.environment:checking '/home/fef2/ROS/ex01/install/robot_description' for CMake module files
[0.676s] Level 1:colcon.colcon_core.environment:checking '/home/fef2/ROS/ex01/install/robot_description' for CMake config files
[0.677s] Level 1:colcon.colcon_core.shell:create_environment_hook('robot_description', 'cmake_prefix_path')
[0.677s] INFO:colcon.colcon_core.shell:Creating environment hook '/home/fef2/ROS/ex01/install/robot_description/share/robot_description/hook/cmake_prefix_path.ps1'
[0.678s] INFO:colcon.colcon_core.shell:Creating environment descriptor '/home/fef2/ROS/ex01/install/robot_description/share/robot_description/hook/cmake_prefix_path.dsv'
[0.679s] INFO:colcon.colcon_core.shell:Creating environment hook '/home/fef2/ROS/ex01/install/robot_description/share/robot_description/hook/cmake_prefix_path.sh'
[0.680s] Level 1:colcon.colcon_core.environment:checking '/home/fef2/ROS/ex01/install/robot_description/bin'
[0.680s] Level 1:colcon.colcon_core.environment:checking '/home/fef2/ROS/ex01/install/robot_description/lib/pkgconfig/robot_description.pc'
[0.681s] Level 1:colcon.colcon_core.environment:checking '/home/fef2/ROS/ex01/install/robot_description/lib/python3.10/site-packages'
[0.681s] Level 1:colcon.colcon_core.environment:checking '/home/fef2/ROS/ex01/install/robot_description/bin'
[0.682s] INFO:colcon.colcon_core.shell:Creating package script '/home/fef2/ROS/ex01/install/robot_description/share/robot_description/package.ps1'
[0.683s] INFO:colcon.colcon_core.shell:Creating package descriptor '/home/fef2/ROS/ex01/install/robot_description/share/robot_description/package.dsv'
[0.684s] INFO:colcon.colcon_core.shell:Creating package script '/home/fef2/ROS/ex01/install/robot_description/share/robot_description/package.sh'
[0.685s] INFO:colcon.colcon_core.shell:Creating package script '/home/fef2/ROS/ex01/install/robot_description/share/robot_description/package.bash'
[0.685s] INFO:colcon.colcon_core.shell:Creating package script '/home/fef2/ROS/ex01/install/robot_description/share/robot_description/package.zsh'
[0.686s] Level 1:colcon.colcon_core.environment:create_file_with_runtime_dependencies(/home/fef2/ROS/ex01/install/robot_description/share/colcon-core/packages/robot_description)
[0.688s] Level 1:colcon.colcon_core.environment:create_environment_scripts_only(robot_bringup)
[0.688s] DEBUG:colcon.colcon_core.event_handler.log_command:Invoked command in '/home/fef2/ROS/ex01/build/robot_bringup' returned '0': CMAKE_PREFIX_PATH=/opt/ros/humble /usr/bin/cmake --install /home/fef2/ROS/ex01/build/robot_bringup
[0.689s] Level 1:colcon.colcon_core.environment:checking '/home/fef2/ROS/ex01/install/robot_bringup' for CMake module files
[0.690s] Level 1:colcon.colcon_core.environment:checking '/home/fef2/ROS/ex01/install/robot_bringup' for CMake config files
[0.691s] Level 1:colcon.colcon_core.shell:create_environment_hook('robot_bringup', 'cmake_prefix_path')
[0.691s] INFO:colcon.colcon_core.shell:Creating environment hook '/home/fef2/ROS/ex01/install/robot_bringup/share/robot_bringup/hook/cmake_prefix_path.ps1'
[0.692s] INFO:colcon.colcon_core.shell:Creating environment descriptor '/home/fef2/ROS/ex01/install/robot_bringup/share/robot_bringup/hook/cmake_prefix_path.dsv'
[0.692s] INFO:colcon.colcon_core.shell:Creating environment hook '/home/fef2/ROS/ex01/install/robot_bringup/share/robot_bringup/hook/cmake_prefix_path.sh'
[0.693s] Level 1:colcon.colcon_core.environment:checking '/home/fef2/ROS/ex01/install/robot_bringup/bin'
[0.693s] Level 1:colcon.colcon_core.environment:checking '/home/fef2/ROS/ex01/install/robot_bringup/lib/pkgconfig/robot_bringup.pc'
[0.693s] Level 1:colcon.colcon_core.environment:checking '/home/fef2/ROS/ex01/install/robot_bringup/lib/python3.10/site-packages'
[0.693s] Level 1:colcon.colcon_core.environment:checking '/home/fef2/ROS/ex01/install/robot_bringup/bin'
[0.694s] INFO:colcon.colcon_core.shell:Creating package script '/home/fef2/ROS/ex01/install/robot_bringup/share/robot_bringup/package.ps1'
[0.694s] INFO:colcon.colcon_core.shell:Creating package descriptor '/home/fef2/ROS/ex01/install/robot_bringup/share/robot_bringup/package.dsv'
[0.695s] INFO:colcon.colcon_core.shell:Creating package script '/home/fef2/ROS/ex01/install/robot_bringup/share/robot_bringup/package.sh'
[0.695s] INFO:colcon.colcon_core.shell:Creating package script '/home/fef2/ROS/ex01/install/robot_bringup/share/robot_bringup/package.bash'
[0.696s] INFO:colcon.colcon_core.shell:Creating package script '/home/fef2/ROS/ex01/install/robot_bringup/share/robot_bringup/package.zsh'
[0.696s] Level 1:colcon.colcon_core.environment:create_file_with_runtime_dependencies(/home/fef2/ROS/ex01/install/robot_bringup/share/colcon-core/packages/robot_bringup)
[0.707s] Level 1:colcon.colcon_core.environment:create_environment_scripts_only(robot_app)
[0.708s] Level 1:colcon.colcon_core.environment:checking '/home/fef2/ROS/ex01/install/robot_app' for CMake module files
[0.708s] Level 1:colcon.colcon_core.environment:checking '/home/fef2/ROS/ex01/install/robot_app' for CMake config files
[0.708s] Level 1:colcon.colcon_core.shell:create_environment_hook('robot_app', 'cmake_prefix_path')
[0.709s] INFO:colcon.colcon_core.shell:Creating environment hook '/home/fef2/ROS/ex01/install/robot_app/share/robot_app/hook/cmake_prefix_path.ps1'
[0.709s] INFO:colcon.colcon_core.shell:Creating environment descriptor '/home/fef2/ROS/ex01/install/robot_app/share/robot_app/hook/cmake_prefix_path.dsv'
[0.710s] INFO:colcon.colcon_core.shell:Creating environment hook '/home/fef2/ROS/ex01/install/robot_app/share/robot_app/hook/cmake_prefix_path.sh'
[0.710s] Level 1:colcon.colcon_core.environment:checking '/home/fef2/ROS/ex01/install/robot_app/bin'
[0.710s] Level 1:colcon.colcon_core.environment:checking '/home/fef2/ROS/ex01/install/robot_app/lib/pkgconfig/robot_app.pc'
[0.711s] Level 1:colcon.colcon_core.environment:checking '/home/fef2/ROS/ex01/install/robot_app/lib/python3.10/site-packages'
[0.711s] Level 1:colcon.colcon_core.environment:checking '/home/fef2/ROS/ex01/install/robot_app/bin'
[0.711s] INFO:colcon.colcon_core.shell:Creating package script '/home/fef2/ROS/ex01/install/robot_app/share/robot_app/package.ps1'
[0.712s] INFO:colcon.colcon_core.shell:Creating package descriptor '/home/fef2/ROS/ex01/install/robot_app/share/robot_app/package.dsv'
[0.713s] INFO:colcon.colcon_core.shell:Creating package script '/home/fef2/ROS/ex01/install/robot_app/share/robot_app/package.sh'
[0.713s] INFO:colcon.colcon_core.shell:Creating package script '/home/fef2/ROS/ex01/install/robot_app/share/robot_app/package.bash'
[0.714s] INFO:colcon.colcon_core.shell:Creating package script '/home/fef2/ROS/ex01/install/robot_app/share/robot_app/package.zsh'
[0.714s] Level 1:colcon.colcon_core.environment:create_file_with_runtime_dependencies(/home/fef2/ROS/ex01/install/robot_app/share/colcon-core/packages/robot_app)
[0.727s] Level 1:colcon.colcon_core.environment:create_environment_scripts_only(robot_description)
[0.728s] Level 1:colcon.colcon_core.environment:checking '/home/fef2/ROS/ex01/install/robot_description' for CMake module files
[0.728s] Level 1:colcon.colcon_core.environment:checking '/home/fef2/ROS/ex01/install/robot_description' for CMake config files
[0.728s] Level 1:colcon.colcon_core.shell:create_environment_hook('robot_description', 'cmake_prefix_path')
[0.729s] INFO:colcon.colcon_core.shell:Creating environment hook '/home/fef2/ROS/ex01/install/robot_description/share/robot_description/hook/cmake_prefix_path.ps1'
[0.729s] INFO:colcon.colcon_core.shell:Creating environment descriptor '/home/fef2/ROS/ex01/install/robot_description/share/robot_description/hook/cmake_prefix_path.dsv'
[0.730s] INFO:colcon.colcon_core.shell:Creating environment hook '/home/fef2/ROS/ex01/install/robot_description/share/robot_description/hook/cmake_prefix_path.sh'
[0.730s] Level 1:colcon.colcon_core.environment:checking '/home/fef2/ROS/ex01/install/robot_description/bin'
[0.730s] Level 1:colcon.colcon_core.environment:checking '/home/fef2/ROS/ex01/install/robot_description/lib/pkgconfig/robot_description.pc'
[0.731s] Level 1:colcon.colcon_core.environment:checking '/home/fef2/ROS/ex01/install/robot_description/lib/python3.10/site-packages'
[0.731s] Level 1:colcon.colcon_core.environment:checking '/home/fef2/ROS/ex01/install/robot_description/bin'
[0.731s] INFO:colcon.colcon_core.shell:Creating package script '/home/fef2/ROS/ex01/install/robot_description/share/robot_description/package.ps1'
[0.732s] INFO:colcon.colcon_core.shell:Creating package descriptor '/home/fef2/ROS/ex01/install/robot_description/share/robot_description/package.dsv'
[0.733s] INFO:colcon.colcon_core.shell:Creating package script '/home/fef2/ROS/ex01/install/robot_description/share/robot_description/package.sh'
[0.733s] INFO:colcon.colcon_core.shell:Creating package script '/home/fef2/ROS/ex01/install/robot_description/share/robot_description/package.bash'
[0.734s] INFO:colcon.colcon_core.shell:Creating package script '/home/fef2/ROS/ex01/install/robot_description/share/robot_description/package.zsh'
[0.734s] Level 1:colcon.colcon_core.environment:create_file_with_runtime_dependencies(/home/fef2/ROS/ex01/install/robot_description/share/colcon-core/packages/robot_description)
[0.736s] Level 1:colcon.colcon_core.environment:create_environment_scripts_only(robot_bringup)
[0.736s] Level 1:colcon.colcon_core.environment:checking '/home/fef2/ROS/ex01/install/robot_bringup' for CMake module files
[0.737s] Level 1:colcon.colcon_core.environment:checking '/home/fef2/ROS/ex01/install/robot_bringup' for CMake config files
[0.737s] Level 1:colcon.colcon_core.shell:create_environment_hook('robot_bringup', 'cmake_prefix_path')
[0.737s] INFO:colcon.colcon_core.shell:Creating environment hook '/home/fef2/ROS/ex01/install/robot_bringup/share/robot_bringup/hook/cmake_prefix_path.ps1'
[0.738s] INFO:colcon.colcon_core.shell:Creating environment descriptor '/home/fef2/ROS/ex01/install/robot_bringup/share/robot_bringup/hook/cmake_prefix_path.dsv'
[0.738s] INFO:colcon.colcon_core.shell:Creating environment hook '/home/fef2/ROS/ex01/install/robot_bringup/share/robot_bringup/hook/cmake_prefix_path.sh'
[0.739s] Level 1:colcon.colcon_core.environment:checking '/home/fef2/ROS/ex01/install/robot_bringup/bin'
[0.739s] Level 1:colcon.colcon_core.environment:checking '/home/fef2/ROS/ex01/install/robot_bringup/lib/pkgconfig/robot_bringup.pc'
[0.739s] Level 1:colcon.colcon_core.environment:checking '/home/fef2/ROS/ex01/install/robot_bringup/lib/python3.10/site-packages'
[0.740s] Level 1:colcon.colcon_core.environment:checking '/home/fef2/ROS/ex01/install/robot_bringup/bin'
[0.740s] INFO:colcon.colcon_core.shell:Creating package script '/home/fef2/ROS/ex01/install/robot_bringup/share/robot_bringup/package.ps1'
[0.741s] INFO:colcon.colcon_core.shell:Creating package descriptor '/home/fef2/ROS/ex01/install/robot_bringup/share/robot_bringup/package.dsv'
[0.741s] INFO:colcon.colcon_core.shell:Creating package script '/home/fef2/ROS/ex01/install/robot_bringup/share/robot_bringup/package.sh'
[0.742s] INFO:colcon.colcon_core.shell:Creating package script '/home/fef2/ROS/ex01/install/robot_bringup/share/robot_bringup/package.bash'
[0.742s] INFO:colcon.colcon_core.shell:Creating package script '/home/fef2/ROS/ex01/install/robot_bringup/share/robot_bringup/package.zsh'
[0.743s] Level 1:colcon.colcon_core.environment:create_file_with_runtime_dependencies(/home/fef2/ROS/ex01/install/robot_bringup/share/colcon-core/packages/robot_bringup)
[0.743s] DEBUG:colcon.colcon_parallel_executor.executor.parallel:closing loop
[0.743s] DEBUG:colcon.colcon_parallel_executor.executor.parallel:loop closed
[0.743s] DEBUG:colcon.colcon_parallel_executor.executor.parallel:run_until_complete finished with '0'
[0.744s] DEBUG:colcon.colcon_core.event_reactor:joining thread
[0.750s] INFO:colcon.colcon_core.plugin_system:Skipping extension 'colcon_notification.desktop_notification.terminal_notifier': Not used on non-Darwin systems
[0.750s] INFO:colcon.colcon_core.plugin_system:Skipping extension 'colcon_notification.desktop_notification.win32': Not used on non-Windows systems
[0.750s] INFO:colcon.colcon_notification.desktop_notification:Sending desktop notification using 'notify2'
[0.766s] DEBUG:colcon.colcon_core.event_reactor:joined thread
[0.766s] INFO:colcon.colcon_core.shell:Creating prefix script '/home/fef2/ROS/ex01/install/local_setup.ps1'
[0.768s] INFO:colcon.colcon_core.shell:Creating prefix util module '/home/fef2/ROS/ex01/install/_local_setup_util_ps1.py'
[0.769s] INFO:colcon.colcon_core.shell:Creating prefix chain script '/home/fef2/ROS/ex01/install/setup.ps1'
[0.770s] INFO:colcon.colcon_core.shell:Creating prefix script '/home/fef2/ROS/ex01/install/local_setup.sh'
[0.771s] INFO:colcon.colcon_core.shell:Creating prefix util module '/home/fef2/ROS/ex01/install/_local_setup_util_sh.py'
[0.772s] INFO:colcon.colcon_core.shell:Creating prefix chain script '/home/fef2/ROS/ex01/install/setup.sh'
[0.773s] INFO:colcon.colcon_core.shell:Creating prefix script '/home/fef2/ROS/ex01/install/local_setup.bash'
[0.774s] INFO:colcon.colcon_core.shell:Creating prefix chain script '/home/fef2/ROS/ex01/install/setup.bash'
[0.775s] INFO:colcon.colcon_core.shell:Creating prefix script '/home/fef2/ROS/ex01/install/local_setup.zsh'
[0.775s] INFO:colcon.colcon_core.shell:Creating prefix chain script '/home/fef2/ROS/ex01/install/setup.zsh'
