[0.015s] Invoking command in '/home/fef2/ROS/ex01/build/robot_bringup': CMAKE_PREFIX_PATH=/opt/ros/humble /usr/bin/cmake --build /home/fef2/ROS/ex01/build/robot_bringup -- -j12 -l12
[0.052s] Invoked command in '/home/fef2/ROS/ex01/build/robot_bringup' returned '0': CMAKE_PREFIX_PATH=/opt/ros/humble /usr/bin/cmake --build /home/fef2/ROS/ex01/build/robot_bringup -- -j12 -l12
[0.082s] Invoking command in '/home/fef2/ROS/ex01/build/robot_bringup': CMAKE_PREFIX_PATH=/opt/ros/humble /usr/bin/cmake --install /home/fef2/ROS/ex01/build/robot_bringup
[0.090s] -- Install configuration: ""
[0.090s] -- Up-to-date: /home/fef2/ROS/ex01/install/robot_bringup/share/robot_bringup/launch
[0.090s] -- Up-to-date: /home/fef2/ROS/ex01/install/robot_bringup/share/robot_bringup/launch/robot_lidar.launch.py
[0.090s] -- Up-to-date: /home/fef2/ROS/ex01/install/robot_bringup/share/robot_bringup/launch/diff_drive.launch.py
[0.090s] -- Up-to-date: /home/fef2/ROS/ex01/install/robot_bringup/share/robot_bringup/config
[0.091s] -- Up-to-date: /home/fef2/ROS/ex01/install/robot_bringup/share/robot_bringup/config/robot_bridge_lidar.yaml
[0.091s] -- Up-to-date: /home/fef2/ROS/ex01/install/robot_bringup/share/robot_bringup/config/diff_drive.rviz
[0.091s] -- Up-to-date: /home/fef2/ROS/ex01/install/robot_bringup/share/robot_bringup/config/lidar_config.rviz
[0.091s] -- Up-to-date: /home/fef2/ROS/ex01/install/robot_bringup/share/robot_bringup/config/robot_bridge.yaml
[0.091s] -- Up-to-date: /home/fef2/ROS/ex01/install/robot_bringup/share/ament_index/resource_index/package_run_dependencies/robot_bringup
[0.091s] -- Up-to-date: /home/fef2/ROS/ex01/install/robot_bringup/share/ament_index/resource_index/parent_prefix_path/robot_bringup
[0.092s] -- Up-to-date: /home/fef2/ROS/ex01/install/robot_bringup/share/robot_bringup/environment/ament_prefix_path.sh
[0.092s] -- Up-to-date: /home/fef2/ROS/ex01/install/robot_bringup/share/robot_bringup/environment/ament_prefix_path.dsv
[0.092s] -- Up-to-date: /home/fef2/ROS/ex01/install/robot_bringup/share/robot_bringup/environment/path.sh
[0.092s] -- Up-to-date: /home/fef2/ROS/ex01/install/robot_bringup/share/robot_bringup/environment/path.dsv
[0.092s] -- Up-to-date: /home/fef2/ROS/ex01/install/robot_bringup/share/robot_bringup/local_setup.bash
[0.093s] -- Up-to-date: /home/fef2/ROS/ex01/install/robot_bringup/share/robot_bringup/local_setup.sh
[0.093s] -- Up-to-date: /home/fef2/ROS/ex01/install/robot_bringup/share/robot_bringup/local_setup.zsh
[0.093s] -- Up-to-date: /home/fef2/ROS/ex01/install/robot_bringup/share/robot_bringup/local_setup.dsv
[0.093s] -- Installing: /home/fef2/ROS/ex01/install/robot_bringup/share/robot_bringup/package.dsv
[0.094s] -- Up-to-date: /home/fef2/ROS/ex01/install/robot_bringup/share/ament_index/resource_index/packages/robot_bringup
[0.095s] -- Up-to-date: /home/fef2/ROS/ex01/install/robot_bringup/share/robot_bringup/cmake/robot_bringupConfig.cmake
[0.095s] -- Up-to-date: /home/fef2/ROS/ex01/install/robot_bringup/share/robot_bringup/cmake/robot_bringupConfig-version.cmake
[0.096s] -- Up-to-date: /home/fef2/ROS/ex01/install/robot_bringup/share/robot_bringup/package.xml
[0.097s] Invoked command in '/home/fef2/ROS/ex01/build/robot_bringup' returned '0': CMAKE_PREFIX_PATH=/opt/ros/humble /usr/bin/cmake --install /home/fef2/ROS/ex01/build/robot_bringup
