[0.015s] Invoking command in '/home/fef2/ROS/ex01/build/robot_app': CMAKE_PREFIX_PATH=/opt/ros/humble /usr/bin/cmake --build /home/fef2/ROS/ex01/build/robot_app -- -j12 -l12
[0.061s] Invoked command in '/home/fef2/ROS/ex01/build/robot_app' returned '0': CMAKE_PREFIX_PATH=/opt/ros/humble /usr/bin/cmake --build /home/fef2/ROS/ex01/build/robot_app -- -j12 -l12
[0.093s] Invoking command in '/home/fef2/ROS/ex01/build/robot_app': CMAKE_PREFIX_PATH=/opt/ros/humble /usr/bin/cmake --install /home/fef2/ROS/ex01/build/robot_app
[0.100s] -- Install configuration: ""
[0.100s] -- Up-to-date: /home/fef2/ROS/ex01/install/robot_app/share/ament_index/resource_index/package_run_dependencies/robot_app
[0.100s] -- Up-to-date: /home/fef2/ROS/ex01/install/robot_app/share/ament_index/resource_index/parent_prefix_path/robot_app
[0.100s] -- Up-to-date: /home/fef2/ROS/ex01/install/robot_app/share/robot_app/environment/ament_prefix_path.sh
[0.100s] -- Up-to-date: /home/fef2/ROS/ex01/install/robot_app/share/robot_app/environment/ament_prefix_path.dsv
[0.100s] -- Up-to-date: /home/fef2/ROS/ex01/install/robot_app/share/robot_app/environment/path.sh
[0.100s] -- Up-to-date: /home/fef2/ROS/ex01/install/robot_app/share/robot_app/environment/path.dsv
[0.100s] -- Up-to-date: /home/fef2/ROS/ex01/install/robot_app/share/robot_app/local_setup.bash
[0.100s] -- Up-to-date: /home/fef2/ROS/ex01/install/robot_app/share/robot_app/local_setup.sh
[0.100s] -- Up-to-date: /home/fef2/ROS/ex01/install/robot_app/share/robot_app/local_setup.zsh
[0.100s] -- Up-to-date: /home/fef2/ROS/ex01/install/robot_app/share/robot_app/local_setup.dsv
[0.100s] -- Up-to-date: /home/fef2/ROS/ex01/install/robot_app/share/robot_app/package.dsv
[0.100s] -- Up-to-date: /home/fef2/ROS/ex01/install/robot_app/share/ament_index/resource_index/packages/robot_app
[0.101s] -- Up-to-date: /home/fef2/ROS/ex01/install/robot_app/share/robot_app/cmake/robot_appConfig.cmake
[0.101s] -- Up-to-date: /home/fef2/ROS/ex01/install/robot_app/share/robot_app/cmake/robot_appConfig-version.cmake
[0.101s] -- Up-to-date: /home/fef2/ROS/ex01/install/robot_app/share/robot_app/package.xml
[0.102s] Invoked command in '/home/fef2/ROS/ex01/build/robot_app' returned '0': CMAKE_PREFIX_PATH=/opt/ros/humble /usr/bin/cmake --install /home/fef2/ROS/ex01/build/robot_app
