[0.012s] Invoking command in '/home/fef2/ROS/ex01/build/robot_bringup': CMAKE_PREFIX_PATH=/opt/ros/humble /usr/bin/cmake /home/fef2/ROS/ex01/robot_bringup -DCMAKE_INSTALL_PREFIX=/home/fef2/ROS/ex01/install/robot_bringup
[0.071s] -- The C compiler identification is GNU 11.4.0
[0.127s] -- The CXX compiler identification is GNU 11.4.0
[0.134s] -- Detecting C compiler ABI info
[0.200s] -- Detecting C compiler ABI info - done
[0.207s] -- Check for working C compiler: /usr/bin/cc - skipped
[0.207s] -- Detecting C compile features
[0.207s] -- Detecting C compile features - done
[0.210s] -- Detecting CXX compiler ABI info
[0.290s] -- Detecting CXX compiler ABI info - done
[0.297s] -- Check for working CXX compiler: /usr/bin/c++ - skipped
[0.297s] -- Detecting CXX compile features
[0.298s] -- Detecting CXX compile features - done
[0.300s] -- Found ament_cmake: 1.3.10 (/opt/ros/humble/share/ament_cmake/cmake)
[0.474s] -- Found Python3: /usr/bin/python3 (found version "3.10.12") found components: Interpreter 
[0.578s] -- Found ament_lint_auto: 0.12.11 (/opt/ros/humble/share/ament_lint_auto/cmake)
[0.648s] -- Configuring done
[0.651s] -- Generating done
[0.651s] -- Build files have been written to: /home/fef2/ROS/ex01/build/robot_bringup
[0.657s] Invoked command in '/home/fef2/ROS/ex01/build/robot_bringup' returned '0': CMAKE_PREFIX_PATH=/opt/ros/humble /usr/bin/cmake /home/fef2/ROS/ex01/robot_bringup -DCMAKE_INSTALL_PREFIX=/home/fef2/ROS/ex01/install/robot_bringup
[0.658s] Invoking command in '/home/fef2/ROS/ex01/build/robot_bringup': CMAKE_PREFIX_PATH=/opt/ros/humble /usr/bin/cmake --build /home/fef2/ROS/ex01/build/robot_bringup -- -j12 -l12
[0.696s] Invoked command in '/home/fef2/ROS/ex01/build/robot_bringup' returned '0': CMAKE_PREFIX_PATH=/opt/ros/humble /usr/bin/cmake --build /home/fef2/ROS/ex01/build/robot_bringup -- -j12 -l12
[0.720s] Invoking command in '/home/fef2/ROS/ex01/build/robot_bringup': CMAKE_PREFIX_PATH=/opt/ros/humble /usr/bin/cmake --install /home/fef2/ROS/ex01/build/robot_bringup
[0.726s] -- Install configuration: ""
[0.727s] -- Installing: /home/fef2/ROS/ex01/install/robot_bringup/share/robot_bringup/launch
[0.727s] -- Installing: /home/fef2/ROS/ex01/install/robot_bringup/share/robot_bringup/launch/robot_lidar.launch.py
[0.727s] -- Installing: /home/fef2/ROS/ex01/install/robot_bringup/share/robot_bringup/launch/diff_drive.launch.py
[0.727s] -- Installing: /home/fef2/ROS/ex01/install/robot_bringup/share/robot_bringup/config
[0.727s] -- Installing: /home/fef2/ROS/ex01/install/robot_bringup/share/robot_bringup/config/robot_bridge_lidar.yaml
[0.727s] -- Installing: /home/fef2/ROS/ex01/install/robot_bringup/share/robot_bringup/config/diff_drive.rviz
[0.727s] -- Installing: /home/fef2/ROS/ex01/install/robot_bringup/share/robot_bringup/config/lidar_config.rviz
[0.728s] -- Installing: /home/fef2/ROS/ex01/install/robot_bringup/share/robot_bringup/config/robot_bridge.yaml
[0.728s] -- Installing: /home/fef2/ROS/ex01/install/robot_bringup/share/ament_index/resource_index/package_run_dependencies/robot_bringup
[0.728s] -- Installing: /home/fef2/ROS/ex01/install/robot_bringup/share/ament_index/resource_index/parent_prefix_path/robot_bringup
[0.728s] -- Installing: /home/fef2/ROS/ex01/install/robot_bringup/share/robot_bringup/environment/ament_prefix_path.sh
[0.728s] -- Installing: /home/fef2/ROS/ex01/install/robot_bringup/share/robot_bringup/environment/ament_prefix_path.dsv
[0.728s] -- Installing: /home/fef2/ROS/ex01/install/robot_bringup/share/robot_bringup/environment/path.sh
[0.728s] -- Installing: /home/fef2/ROS/ex01/install/robot_bringup/share/robot_bringup/environment/path.dsv
[0.729s] -- Installing: /home/fef2/ROS/ex01/install/robot_bringup/share/robot_bringup/local_setup.bash
[0.729s] -- Installing: /home/fef2/ROS/ex01/install/robot_bringup/share/robot_bringup/local_setup.sh
[0.729s] -- Installing: /home/fef2/ROS/ex01/install/robot_bringup/share/robot_bringup/local_setup.zsh
[0.729s] -- Installing: /home/fef2/ROS/ex01/install/robot_bringup/share/robot_bringup/local_setup.dsv
[0.730s] -- Installing: /home/fef2/ROS/ex01/install/robot_bringup/share/robot_bringup/package.dsv
[0.730s] -- Installing: /home/fef2/ROS/ex01/install/robot_bringup/share/ament_index/resource_index/packages/robot_bringup
[0.730s] -- Installing: /home/fef2/ROS/ex01/install/robot_bringup/share/robot_bringup/cmake/robot_bringupConfig.cmake
[0.730s] -- Installing: /home/fef2/ROS/ex01/install/robot_bringup/share/robot_bringup/cmake/robot_bringupConfig-version.cmake
[0.730s] -- Installing: /home/fef2/ROS/ex01/install/robot_bringup/share/robot_bringup/package.xml
[0.737s] Invoked command in '/home/fef2/ROS/ex01/build/robot_bringup' returned '0': CMAKE_PREFIX_PATH=/opt/ros/humble /usr/bin/cmake --install /home/fef2/ROS/ex01/build/robot_bringup
